 ClubServer

 Timestamp is 5f187cc5 (Thu Jul 23 01:52:05 2020)

 Preferred load address is 00400000

 Start         Length     Name                   Class
 0001:00000000 00000050H .text$di                CODE
 0001:00000050 00020b10H .text$mn                CODE
 0001:00020b60 000016d0H .text$x                 CODE
 0001:00022230 00000025H .text$yd                CODE
 0002:00000000 000005a0H .idata$5                DATA
 0002:000005a0 00000004H .00cfg                  DATA
 0002:000005a4 00000004H .CRT$XCA                DATA
 0002:000005a8 00000004H .CRT$XCAA               DATA
 0002:000005ac 00000008H .CRT$XCL                DATA
 0002:000005b4 00000004H .CRT$XCU                DATA
 0002:000005b8 00000004H .CRT$XCZ                DATA
 0002:000005bc 00000004H .CRT$XIA                DATA
 0002:000005c0 00000004H .CRT$XIAA               DATA
 0002:000005c4 00000004H .CRT$XIAC               DATA
 0002:000005c8 00000004H .CRT$XIC                DATA
 0002:000005cc 00000004H .CRT$XIZ                DATA
 0002:000005d0 00000004H .CRT$XLA                DATA
 0002:000005d4 00000004H .CRT$XLZ                DATA
 0002:000005d8 00000004H .CRT$XPA                DATA
 0002:000005dc 00000004H .CRT$XPZ                DATA
 0002:000005e0 00000004H .CRT$XTA                DATA
 0002:000005e4 0000000cH .CRT$XTZ                DATA
 0002:000005f0 000053b4H .rdata                  DATA
 0002:000059a4 00000018H .rdata$T                DATA
 0002:000059bc 00000f54H .rdata$r                DATA
 0002:00006910 0000018cH .rdata$sxdata           DATA
 0002:00006a9c 000003e0H .rdata$zzzdbg           DATA
 0002:00006e7c 00000004H .rtc$IAA                DATA
 0002:00006e80 00000004H .rtc$IZZ                DATA
 0002:00006e84 00000004H .rtc$TAA                DATA
 0002:00006e88 00000008H .rtc$TZZ                DATA
 0002:00006e90 000020a4H .xdata$x                DATA
 0002:00008f34 00000000H ATL$__a                 DATA
 0002:00008f34 00000000H ATL$__z                 DATA
 0002:00008f34 00000000H .edata                  DATA
 0002:00008f34 00000168H .idata$2                DATA
 0002:0000909c 00000014H .idata$3                DATA
 0002:000090b0 000005a0H .idata$4                DATA
 0002:00009650 00000f8cH .idata$6                DATA
 0003:00000000 00000220H .data                   DATA
 0003:00000220 00000888H .data$r                 DATA
 0003:00000aa8 000014dcH .bss                    DATA
 0004:00000000 00000030H .gfids$y                DATA
 0005:00000000 00000004H .tls                    DATA
 0005:00000004 00000004H .tls$                   DATA
 0005:00000008 00000001H .tls$ZZZ                DATA
 0006:00000000 00000390H .rsrc$01                DATA
 0006:00000390 000593c8H .rsrc$02                DATA

  Address         Publics by Value              Rva+Base       Lib:Object

 0000:00000000       ___guard_longjmp_count     00000000     <absolute>
 0000:00000000       ___guard_longjmp_table     00000000     <absolute>
 0000:00000000       ___guard_iat_table         00000000     <absolute>
 0000:00000000       ___guard_iat_count         00000000     <absolute>
 0000:00000000       ___dynamic_value_reloc_table 00000000     <absolute>
 0000:00000000       ___guard_fids_table        00000000     <absolute>
 0000:00000000       ___guard_fids_count        00000000     <absolute>
 0000:0000002c       __tls_array                0000002c     <absolute>
 0000:00000063       ___safe_se_handler_count   00000063     <absolute>
 0000:00000100       ___guard_flags             00000100     <absolute>
 0000:00000000       ___ImageBase               00400000     <linker-defined>
 0001:00000050       ??_GCAccessServerApp@@UAEPAXI@Z 00401050 f i AccessServer.obj
 0001:00000050       ??_ECAccessServerApp@@UAEPAXI@Z 00401050 f i AccessServer.obj
 0001:00000090       ?GetApplicationRecoveryPingInterval@CWinApp@@UAEKXZ 00401090 f i AccessServer.obj
 0001:000000a0       ?GetMessageMap@CAccessServerApp@@MBEPBUAFX_MSGMAP@@XZ 004010a0 f   AccessServer.obj
 0001:000000b0       ?InitInstance@CAccessServerApp@@UAEHXZ 004010b0 f   AccessServer.obj
 0001:00000160       ?ReopenPreviousFilesAtRestart@CWinApp@@UBEHXZ 00401160 f i AccessServer.obj
 0001:00000170       ?RestoreAutosavedFilesAtRestart@CWinApp@@UBEHXZ 00401170 f i AccessServer.obj
 0001:00000180       ?Dump@CObject@@UBEXAAVCDumpContext@@@Z 00401180 f i AccessServer.obj
 0001:00000180       ?DoDataExchange@CWnd@@MAEXPAVCDataExchange@@@Z 00401180 f i AccessServerDlg.obj
 0001:00000180       ?Serialize@CObject@@UAEXAAVCArchive@@@Z 00401180 f i AccessServer.obj
 0001:00000190       ?SupportsApplicationRecovery@CWinApp@@UBEHXZ 00401190 f i AccessServer.obj
 0001:000001a0       ?SupportsAutosaveAtInterval@CWinApp@@UBEHXZ 004011a0 f i AccessServer.obj
 0001:000001b0       ?SupportsAutosaveAtRestart@CWinApp@@UBEHXZ 004011b0 f i AccessServer.obj
 0001:000001c0       ?SupportsRestartManager@CWinApp@@UBEHXZ 004011c0 f i AccessServer.obj
 0001:000001d0       ??$_snwprintf_s@$0IA@@@YAHAAY0IA@_WIPB_WZZ 004011d0 f i AccessServerDlg.obj
 0001:00000210       ??0CAccessServerDlg@@QAE@XZ 00401210 f   AccessServerDlg.obj
 0001:00000290       ??1CAccessServerDlg@@UAE@XZ 00401290 f   AccessServerDlg.obj
 0001:000002d0       ??_GCAccessServerDlg@@UAEPAXI@Z 004012d0 f i AccessServerDlg.obj
 0001:000002d0       ??_ECAccessServerDlg@@UAEPAXI@Z 004012d0 f i AccessServerDlg.obj
 0001:00000340       ?BeginModalState@CWnd@@UAEXXZ 00401340 f i AccessServerDlg.obj
 0001:00000350       ?Create@CDialog@@UAEHIPAVCWnd@@@Z 00401350 f i AccessServerDlg.obj
 0001:00000360       ?DoDataExchange@CAccessServerDlg@@MAEXPAVCDataExchange@@@Z 00401360 f   AccessServerDlg.obj
 0001:00000380       ?EndModalState@CWnd@@UAEXXZ 00401380 f i AccessServerDlg.obj
 0001:00000390       ?GetMessageMap@CAccessServerDlg@@MBEPBUAFX_MSGMAP@@XZ 00401390 f   AccessServerDlg.obj
 0001:000003a0       ?OnBnClickedStartService@CAccessServerDlg@@IAEXXZ 004013a0 f   AccessServerDlg.obj
 0001:00000440       ?OnBnClickedStopService@CAccessServerDlg@@IAEXXZ 00401440 f   AccessServerDlg.obj
 0001:000004a0       ?OnCancel@CAccessServerDlg@@MAEXXZ 004014a0 f   AccessServerDlg.obj
 0001:000004f0       ?OnInitDialog@CAccessServerDlg@@MAEHXZ 004014f0 f   AccessServerDlg.obj
 0001:00000550       ?OnOK@CAccessServerDlg@@MAEXXZ 00401550 f   AccessServerDlg.obj
 0001:00000550       ?AssertValid@CObject@@UBEXXZ 00401550 f   AccessServer.obj
 0001:00000550       ?__empty_global_delete@@YAXPAXI@Z 00401550 f   AccessServer.obj
 0001:00000550       __initialize_invalid_parameter_handler 00401550 f   msvcrt:invalid_parameter_handler.obj
 0001:00000550       ?__global_delete@@YAXPAXI@Z 00401550 f   AccessServer.obj
 0001:00000550       ?OnBnClickedLoadOption@CAccessServerDlg@@IAEXXZ 00401550 f   AccessServerDlg.obj
 0001:00000550       @_guard_check_icall_nop@4  00401550 f   msvcrt:guard_support.obj
 0001:00000550       ?Release@CAttemperEngineSink@@UAEXXZ 00401550 f   AttemperEngineSink.obj
 0001:00000550       __initialize_denormal_control 00401550 f   msvcrt:denormal_control.obj
 0001:00000550       ?Release@CDataBaseEngineSink@@UAEXXZ 00401550 f   DataBaseEngineSink.obj
 0001:00000560       ?OnQueryEndSession@CAccessServerDlg@@QAEHXZ 00401560 f   AccessServerDlg.obj
 0001:000005a0       ?OnServiceUnitsStatus@CAccessServerDlg@@UAEXW4enServiceStatus@@@Z 004015a0 f   AccessServerDlg.obj
 0001:000007a0       ?PreTranslateMessage@CAccessServerDlg@@MAEHPAUtagMSG@@@Z 004017a0 f   AccessServerDlg.obj
 0001:000007d0       ___local_stdio_printf_options 004017d0 f i AccessServerDlg.obj
 0001:000007e0       ??$_snwprintf_s@$0BAE@@@YAHAAY0BAE@_WIPB_WZZ 004017e0 f i AttemperEngineSink.obj
 0001:00000820       ??$_snwprintf_s@$0CAA@@@YAHAAY0CAA@_WIPB_WZZ 00401820 f i AttemperEngineSink.obj
 0001:00000860       ??$swprintf_s@$0BAE@@@YAHAAY0BAE@_WPB_WZZ 00401860 f i AttemperEngineSink.obj
 0001:000008a0       ??0CAttemperEngineSink@@QAE@XZ 004018a0 f   AttemperEngineSink.obj
 0001:00000a10       ??1?$CWHArray@UtagIMGroupOption@@ABU1@@@UAE@XZ 00401a10 f i AttemperEngineSink.obj
 0001:00000a40       ??1CAttemperEngineSink@@UAE@XZ 00401a40 f   AttemperEngineSink.obj
 0001:00000aa0       ??_G?$CWHArray@UtagIMGroupOption@@ABU1@@@UAEPAXI@Z 00401aa0 f i AttemperEngineSink.obj
 0001:00000aa0       ??_E?$CWHArray@UtagIMGroupOption@@ABU1@@@UAEPAXI@Z 00401aa0 f i AttemperEngineSink.obj
 0001:00000ae0       ??_GCAttemperEngineSink@@UAEPAXI@Z 00401ae0 f i AttemperEngineSink.obj
 0001:00000ae0       ??_ECAttemperEngineSink@@UAEPAXI@Z 00401ae0 f i AttemperEngineSink.obj
 0001:00000b10       ?AllocMemory@?$CWHArray@UtagIMGroupOption@@ABU1@@@QAEXH@Z 00401b10 f i AttemperEngineSink.obj
 0001:00000ba0       ?AtlThrowImpl@ATL@@YGXJ@Z  00401ba0 f i AttemperEngineSink.obj
 0001:00000bc0       ?CheckClubName@CAttemperEngineSink@@IAEHPB_W@Z 00401bc0 f   AttemperEngineSink.obj
 0001:00000ca0       ?CheckClubUser@CAttemperEngineSink@@IAE_NKK@Z 00401ca0 f   AttemperEngineSink.obj
 0001:00000de0       ?GetAssocAt@?$CMap@KKUtagClubTableInfo@@AAU1@@@IBEPAVCAssoc@1@KAAI0@Z 00401de0 f i AttemperEngineSink.obj
 0001:00000e50       ?GetBindParameter@CAttemperEngineSink@@IAEPAUtagBindParameter@@G@Z 00401e50 f   AttemperEngineSink.obj
 0001:00000e90       ?GetLocalTm@CTime@ATL@@QBEPAUtm@@PAU3@@Z 00401e90 f i AttemperEngineSink.obj
 0001:00000f00       ?GetNextAssoc@?$CMap@KKUtagClubTableInfo@@AAU1@@@QBEXAAPAU__POSITION@@AAKAAUtagClubTableInfo@@@Z 00401f00 f i AttemperEngineSink.obj
 0001:00000fa0       ?Lookup@?$CMap@KKUtagClubTableInfo@@AAU1@@@QBEHKAAUtagClubTableInfo@@@Z 00401fa0 f i AttemperEngineSink.obj
 0001:00000fe0       ?OnAttemperEngineConclude@CAttemperEngineSink@@UAE_NPAUIUnknownEx@@@Z 00401fe0 f   AttemperEngineSink.obj
 0001:00001140       ?OnAttemperEngineStart@CAttemperEngineSink@@UAE_NPAUIUnknownEx@@@Z 00402140 f   AttemperEngineSink.obj
 0001:000011f0       ?OnDBAddTeamer@CAttemperEngineSink@@IAE_NKPAXG@Z 004021f0 f   AttemperEngineSink.obj
 0001:00001450       ?OnDBAppendConfig@CAttemperEngineSink@@IAE_NKPAXG@Z 00402450 f   AttemperEngineSink.obj
 0001:00001660       ?OnDBApplyDelResult@CAttemperEngineSink@@IAE_NKPAXG@Z 00402660 f   AttemperEngineSink.obj
 0001:00001810       ?OnDBApplyMessage@CAttemperEngineSink@@IAE_NKPAXG@Z 00402810 f   AttemperEngineSink.obj
 0001:000018c0       ?OnDBBattleResult@CAttemperEngineSink@@IAE_NKPAXG@Z 004028c0 f   AttemperEngineSink.obj
 0001:00001960       ?OnDBBigWinnerShow@CAttemperEngineSink@@IAE_NKPAXG@Z 00402960 f   AttemperEngineSink.obj
 0001:000019c0       ?OnDBBlindCode@CAttemperEngineSink@@IAE_NKPAXG@Z 004029c0 f   AttemperEngineSink.obj
 0001:00001b00       ?OnDBBoxInfo@CAttemperEngineSink@@IAE_NKPAXG@Z 00402b00 f   AttemperEngineSink.obj
 0001:00001b60       ?OnDBCaptainList@CAttemperEngineSink@@IAE_NKPAXG@Z 00402b60 f   AttemperEngineSink.obj
 0001:00001bc0       ?OnDBCaptainPoint@CAttemperEngineSink@@IAE_NKPAXG@Z 00402bc0 f   AttemperEngineSink.obj
 0001:00001cc0       ?OnDBClearMedal@CAttemperEngineSink@@IAE_NKPAXG@Z 00402cc0 f   AttemperEngineSink.obj
 0001:00001d50       ?OnDBCreateGroup@CAttemperEngineSink@@IAE_NKPAXG@Z 00402d50 f   AttemperEngineSink.obj
 0001:00001f20       ?OnDBDayRecordList@CAttemperEngineSink@@IAE_NKPAXG@Z 00402f20 f   AttemperEngineSink.obj
 0001:00001f80       ?OnDBDeleteConfig@CAttemperEngineSink@@IAE_NKPAXG@Z 00402f80 f   AttemperEngineSink.obj
 0001:00002180       ?OnDBDeleteGroup@CAttemperEngineSink@@IAE_NKPAXG@Z 00403180 f   AttemperEngineSink.obj
 0001:000022c0       ?OnDBDeleteMember@CAttemperEngineSink@@IAE_NKPAXG@Z 004032c0 f   AttemperEngineSink.obj
 0001:00002520       ?OnDBFavoriteConfig@CAttemperEngineSink@@IAE_NKPAXG@Z 00403520 f   AttemperEngineSink.obj
 0001:000025c0       ?OnDBForbidWords@CAttemperEngineSink@@IAE_NKPAXG@Z 004035c0 f   AttemperEngineSink.obj
 0001:000026a0       ?OnDBFreeTableLImit@CAttemperEngineSink@@IAE_NKPAXG@Z 004036a0 f   AttemperEngineSink.obj
 0001:00002700       ?OnDBGetAwardScore@CAttemperEngineSink@@IAE_NKPAXG@Z 00403700 f   AttemperEngineSink.obj
 0001:00002810       ?OnDBGroupCommonInfo@CAttemperEngineSink@@IAE_NKPAXG@Z 00403810 f   AttemperEngineSink.obj
 0001:00002880       ?OnDBGroupConfig@CAttemperEngineSink@@IAE_NKPAXG@Z 00403880 f   AttemperEngineSink.obj
 0001:00002990       ?OnDBGroupDayDetailList@CAttemperEngineSink@@IAE_NKPAXG@Z 00403990 f   AttemperEngineSink.obj
 0001:000029f0       ?OnDBGroupItem@CAttemperEngineSink@@IAE_NKPAXG@Z 004039f0 f   AttemperEngineSink.obj
 0001:00002a50       ?OnDBGroupList@CAttemperEngineSink@@IAE_NKPAXG@Z 00403a50 f   AttemperEngineSink.obj
 0001:00002b30       ?OnDBGroupListFinish@CAttemperEngineSink@@IAE_NKPAXG@Z 00403b30 f   AttemperEngineSink.obj
 0001:00002c00       ?OnDBGroupMember@CAttemperEngineSink@@IAE_NKPAXG@Z 00403c00 f   AttemperEngineSink.obj
 0001:00002e30       ?OnDBGroupName@CAttemperEngineSink@@IAE_NKPAXG@Z 00403e30 f   AttemperEngineSink.obj
 0001:00002eb0       ?OnDBGroupOption@CAttemperEngineSink@@IAE_NKPAXG@Z 00403eb0 f   AttemperEngineSink.obj
 0001:00002fc0       ?OnDBGroupPrivacy@CAttemperEngineSink@@IAE_NKPAXG@Z 00403fc0 f   AttemperEngineSink.obj
 0001:00003020       ?OnDBGroupStatus@CAttemperEngineSink@@IAE_NKPAXG@Z 00404020 f   AttemperEngineSink.obj
 0001:00003080       ?OnDBInOutMode@CAttemperEngineSink@@IAE_NKPAXG@Z 00404080 f   AttemperEngineSink.obj
 0001:00003100       ?OnDBInsertMember@CAttemperEngineSink@@IAE_NKPAXG@Z 00404100 f   AttemperEngineSink.obj
 0001:000033f0       ?OnDBInvitationCode@CAttemperEngineSink@@IAE_NKPAXG@Z 004043f0 f   AttemperEngineSink.obj
 0001:00003450       ?OnDBLogonFailure@CAttemperEngineSink@@IAE_NKPAXG@Z 00404450 f   AttemperEngineSink.obj
 0001:00003520       ?OnDBLogonSuccess@CAttemperEngineSink@@IAE_NKPAXG@Z 00404520 f   AttemperEngineSink.obj
 0001:00003830       ?OnDBMedalMode@CAttemperEngineSink@@IAE_NKPAXG@Z 00404830 f   AttemperEngineSink.obj
 0001:00003a10       ?OnDBModifyConfig@CAttemperEngineSink@@IAE_NKPAXG@Z 00404a10 f   AttemperEngineSink.obj
 0001:00003b70       ?OnDBModifyInfo@CAttemperEngineSink@@IAE_NKPAXG@Z 00404b70 f   AttemperEngineSink.obj
 0001:00003d90       ?OnDBModifyRight@CAttemperEngineSink@@IAE_NKPAXG@Z 00404d90 f   AttemperEngineSink.obj
 0001:00003f80       ?OnDBOperateFailure@CAttemperEngineSink@@IAE_NKPAXG@Z 00404f80 f   AttemperEngineSink.obj
 0001:00004090       ?OnDBOperateSuccess@CAttemperEngineSink@@IAE_NKPAXG@Z 00405090 f   AttemperEngineSink.obj
 0001:00004180       ?OnDBPresentList@CAttemperEngineSink@@IAE_NKPAXG@Z 00405180 f   AttemperEngineSink.obj
 0001:000041e0       ?OnDBPresentSuccess@CAttemperEngineSink@@IAE_NKPAXG@Z 004051e0 f   AttemperEngineSink.obj
 0001:00004400       ?OnDBQueryCreateResult@CAttemperEngineSink@@IAE_NKPAXG@Z 00405400 f   AttemperEngineSink.obj
 0001:000044e0       ?OnDBQueryManagerRight@CAttemperEngineSink@@IAE_NKPAXG@Z 004054e0 f   AttemperEngineSink.obj
 0001:000045a0       ?OnDBQueryScore@CAttemperEngineSink@@IAE_NKPAXG@Z 004055a0 f   AttemperEngineSink.obj
 0001:00004600       ?OnDBRevenueList@CAttemperEngineSink@@IAE_NKPAXG@Z 00405600 f   AttemperEngineSink.obj
 0001:00004660       ?OnDBRollMsg@CAttemperEngineSink@@IAE_NKPAXG@Z 00405660 f   AttemperEngineSink.obj
 0001:00004810       ?OnDBRoomDetailInfo@CAttemperEngineSink@@IAE_NKPAXG@Z 00405810 f   AttemperEngineSink.obj
 0001:00004880       ?OnDBSetFlag@CAttemperEngineSink@@IAE_NKPAXG@Z 00405880 f   AttemperEngineSink.obj
 0001:00004970       ?OnDBSetManagerRight@CAttemperEngineSink@@IAE_NKPAXG@Z 00405970 f   AttemperEngineSink.obj
 0001:00004a70       ?OnDBTeamDayRecord@CAttemperEngineSink@@IAE_NKPAXG@Z 00405a70 f   AttemperEngineSink.obj
 0001:00004ad0       ?OnDBTeamerDayRecord@CAttemperEngineSink@@IAE_NKPAXG@Z 00405ad0 f   AttemperEngineSink.obj
 0001:00004b30       ?OnDBUpdateGroup@CAttemperEngineSink@@IAE_NKPAXG@Z 00405b30 f   AttemperEngineSink.obj
 0001:00004ce0       ?OnDBUpdateMember@CAttemperEngineSink@@IAE_NKPAXG@Z 00405ce0 f   AttemperEngineSink.obj
 0001:00004d40       ?OnDBUserDayDetailList@CAttemperEngineSink@@IAE_NKPAXG@Z 00405d40 f   AttemperEngineSink.obj
 0001:00004da0       ?OnDBWealthUpdate@CAttemperEngineSink@@IAE_NKPAXG@Z 00405da0 f   AttemperEngineSink.obj
 0001:00004e60       ?OnEventControl@CAttemperEngineSink@@UAE_NGPAXG@Z 00405e60 f   AttemperEngineSink.obj
 0001:000050a0       ?OnEventDataBase@CAttemperEngineSink@@UAE_NGKPAXG@Z 004060a0 f   AttemperEngineSink.obj
 0001:00005c60       ?OnEventTCPNetworkBind@CAttemperEngineSink@@UAE_NKK@Z 00406c60 f   AttemperEngineSink.obj
 0001:00005d30       ?OnEventTCPNetworkRead@CAttemperEngineSink@@UAE_NUTCP_Command@@PAXGK@Z 00406d30 f   AttemperEngineSink.obj
 0001:00005ea0       ?OnEventTCPNetworkShut@CAttemperEngineSink@@UAE_NKKK@Z 00406ea0 f   AttemperEngineSink.obj
 0001:000060c0       ?OnEventTCPSocketLink@CAttemperEngineSink@@UAE_NGH@Z 004070c0 f   AttemperEngineSink.obj
 0001:00006410       ?OnEventTCPSocketRead@CAttemperEngineSink@@UAE_NGUTCP_Command@@PAXG@Z 00407410 f   AttemperEngineSink.obj
 0001:00006770       ?OnEventTCPSocketShut@CAttemperEngineSink@@UAE_NGE@Z 00407770 f   AttemperEngineSink.obj
 0001:00006970       ?OnEventTimer@CAttemperEngineSink@@UAE_NKI@Z 00407970 f   AttemperEngineSink.obj
 0001:00006d80       ?OnEventUserLogon@CAttemperEngineSink@@IAE_NPAVCLocalUserItem@@@Z 00407d80 f   AttemperEngineSink.obj
 0001:00007250       ?OnTCPNetworkMainBattleService@CAttemperEngineSink@@IAE_NGPAXGK@Z 00408250 f   AttemperEngineSink.obj
 0001:00007690       ?OnTCPNetworkMainGroupService@CAttemperEngineSink@@IAE_NGPAXGK@Z 00408690 f   AttemperEngineSink.obj
 0001:00007be0       ?OnTCPNetworkMainLogicService@CAttemperEngineSink@@IAE_NGPAXGK@Z 00408be0 f   AttemperEngineSink.obj
 0001:00009f00       ?OnTCPSocketAIMainRegister@CAttemperEngineSink@@IAE_NGPAXG@Z 0040af00 f   AttemperEngineSink.obj
 0001:0000a160       ?OnTCPSocketBattleMainBattleService@CAttemperEngineSink@@IAE_NGPAXG@Z 0040b160 f   AttemperEngineSink.obj
 0001:0000ae60       ?OnTCPSocketBattleMainRegister@CAttemperEngineSink@@IAE_NGPAXG@Z 0040be60 f   AttemperEngineSink.obj
 0001:0000aef0       ?OnTCPSocketClubInfo@CAttemperEngineSink@@IAE_NGPAXG@Z 0040bef0 f   AttemperEngineSink.obj
 0001:0000af60       ?OnTCPSocketMainRegister@CAttemperEngineSink@@IAE_NGPAXG@Z 0040bf60 f   AttemperEngineSink.obj
 0001:0000aff0       ?OnTCPSocketMainServiceInfo@CAttemperEngineSink@@IAE_NGPAXG@Z 0040bff0 f   AttemperEngineSink.obj
 0001:0000b160       ?OnTCPSocketWebInfo@CAttemperEngineSink@@IAE_NGPAXG@Z 0040c160 f   AttemperEngineSink.obj
 0001:0000b1f0       ?QueryInterface@CAttemperEngineSink@@UAEPAXABU_GUID@@K@Z 0040c1f0 f   AttemperEngineSink.obj
 0001:0000b2a0       ?SendDataToGroupManager@CAttemperEngineSink@@IAE_NKGGPAXG@Z 0040c2a0 f   AttemperEngineSink.obj
 0001:0000b370       ?SendDataToGroupMember@CAttemperEngineSink@@IAE_NKGGPAXG_N@Z 0040c370 f   AttemperEngineSink.obj
 0001:0000b520       ?SendDataToGroupTeamer@CAttemperEngineSink@@IAE_NKKGGPAXG@Z 0040c520 f   AttemperEngineSink.obj
 0001:0000b5f0       ?SendGroupConfigToUser@CAttemperEngineSink@@IAE_NKK@Z 0040c5f0 f   AttemperEngineSink.obj
 0001:0000b740       ?SendGroupMemberToUser@CAttemperEngineSink@@IAE_NKK@Z 0040c740 f   AttemperEngineSink.obj
 0001:0000b8c0       ?SendLogData@CAttemperEngineSink@@IAAXPB_WZZ 0040c8c0 f   AttemperEngineSink.obj
 0001:0000be10       ?UpdateGroupExtraInfo@CAttemperEngineSink@@IAE_NKK@Z 0040ce10 f   AttemperEngineSink.obj
 0001:0000bfd0       ?WHCrashHandler@@YAJPAU_EXCEPTION_POINTERS@@@Z 0040cfd0 f   AttemperEngineSink.obj
 0001:0000c0b0       __swprintf                 0040d0b0 f i AttemperEngineSink.obj
 0001:0000c180       ??$_snprintf_s@$0CAA@@@YAHAAY0CAA@DIPBDZZ 0040d180 f i DataBaseEngineSink.obj
 0001:0000c1c0       ??0CDataBaseEngineSink@@QAE@XZ 0040d1c0 f   DataBaseEngineSink.obj
 0001:0000c270       ??1CDataBaseEngineSink@@UAE@XZ 0040d270 f   DataBaseEngineSink.obj
 0001:0000c310       ??1_variant_t@@QAE@XZ      0040d310 f i DataBaseEngineSink.obj
 0001:0000c320       ??_ECDataBaseEngineSink@@UAEPAXI@Z 0040d320 f i DataBaseEngineSink.obj
 0001:0000c320       ??_GCDataBaseEngineSink@@UAEPAXI@Z 0040d320 f i DataBaseEngineSink.obj
 0001:0000c350       ??_E?$CTempldateHelper@UIDataBase@@@@UAEPAXI@Z 0040d350 f i DataBaseEngineSink.obj
 0001:0000c350       ??_G?$CTempldateHelper@UIDataBase@@@@UAEPAXI@Z 0040d350 f i DataBaseEngineSink.obj
 0001:0000c350       ??_GCDataBaseHelper@@UAEPAXI@Z 0040d350 f i DataBaseEngineSink.obj
 0001:0000c350       ??_ECDataBaseHelper@@UAEPAXI@Z 0040d350 f i DataBaseEngineSink.obj
 0001:0000c3f0       ?ExtractGroupID@CDataBaseEngineSink@@IAEGPB_WAAVCDWordArray@@@Z 0040d3f0 f   DataBaseEngineSink.obj
 0001:0000c510       ?OnDataBaseEngineConclude@CDataBaseEngineSink@@UAE_NPAUIUnknownEx@@@Z 0040d510 f   DataBaseEngineSink.obj
 0001:0000c590       ?OnDataBaseEngineControl@CDataBaseEngineSink@@UAE_NGPAXG@Z 0040d590 f   DataBaseEngineSink.obj
 0001:0000c590       ?OnEventAttemperData@CAttemperEngineSink@@UAE_NGPAXG@Z 0040d590 f   AttemperEngineSink.obj
 0001:0000c5a0       ?OnDataBaseEngineRequest@CDataBaseEngineSink@@UAE_NGKPAXG@Z 0040d5a0 f   DataBaseEngineSink.obj
 0001:0000cae0       ?OnDataBaseEngineStart@CDataBaseEngineSink@@UAE_NPAUIUnknownEx@@@Z 0040dae0 f   DataBaseEngineSink.obj
 0001:0000cbd0       ?OnDataBaseEngineTimer@CDataBaseEngineSink@@UAE_NKI@Z 0040dbd0 f   DataBaseEngineSink.obj
 0001:0000cbe0       ?OnRequestAddTeamer@CDataBaseEngineSink@@IAE_NKPAXG@Z 0040dbe0 f   DataBaseEngineSink.obj
 0001:0000cf10       ?OnRequestAppendConfig@CDataBaseEngineSink@@IAE_NKPAXG@Z 0040df10 f   DataBaseEngineSink.obj
 0001:0000d3e0       ?OnRequestApplyDelete@CDataBaseEngineSink@@IAE_NKPAXG@Z 0040e3e0 f   DataBaseEngineSink.obj
 0001:0000d6a0       ?OnRequestApplyRequest@CDataBaseEngineSink@@IAE_NKPAXG@Z 0040e6a0 f   DataBaseEngineSink.obj
 0001:0000ddc0       ?OnRequestApplyRespond@CDataBaseEngineSink@@IAE_NKPAXG@Z 0040edc0 f   DataBaseEngineSink.obj
 0001:0000e4b0       ?OnRequestBlindCode@CDataBaseEngineSink@@IAE_NKPAXG@Z 0040f4b0 f   DataBaseEngineSink.obj
 0001:0000e6d0       ?OnRequestCaptainList@CDataBaseEngineSink@@IAE_NKPAXG@Z 0040f6d0 f   DataBaseEngineSink.obj
 0001:0000eab0       ?OnRequestCheckNewUser@CDataBaseEngineSink@@IAE_NKPAXG@Z 0040fab0 f   DataBaseEngineSink.obj
 0001:0000f040       ?OnRequestClearMedal@CDataBaseEngineSink@@IAE_NKPAXG@Z 00410040 f   DataBaseEngineSink.obj
 0001:0000f140       ?OnRequestCreateGroup@CDataBaseEngineSink@@IAE_NKPAXG@Z 00410140 f   DataBaseEngineSink.obj
 0001:0000f860       ?OnRequestDeleteConfig@CDataBaseEngineSink@@IAE_NKPAXG@Z 00410860 f   DataBaseEngineSink.obj
 0001:0000fad0       ?OnRequestDeleteGroup@CDataBaseEngineSink@@IAE_NKPAXG@Z 00410ad0 f   DataBaseEngineSink.obj
 0001:0000fdb0       ?OnRequestDeleteMember@CDataBaseEngineSink@@IAE_NKPAXG@Z 00410db0 f   DataBaseEngineSink.obj
 0001:00010220       ?OnRequestGetAwardScore@CDataBaseEngineSink@@IAE_NKPAXG@Z 00411220 f   DataBaseEngineSink.obj
 0001:00010490       ?OnRequestGroupDayDetail@CDataBaseEngineSink@@IAE_NKPAXG@Z 00411490 f   DataBaseEngineSink.obj
 0001:00010820       ?OnRequestInvitationCode@CDataBaseEngineSink@@IAE_NKPAXG@Z 00411820 f   DataBaseEngineSink.obj
 0001:00010a50       ?OnRequestLoadForbidWords@CDataBaseEngineSink@@IAE_NKPAXG@Z 00411a50 f   DataBaseEngineSink.obj
 0001:00010c10       ?OnRequestLoadGroupConfig@CDataBaseEngineSink@@IAE_NKPAXG@Z 00411c10 f   DataBaseEngineSink.obj
 0001:00010ff0       ?OnRequestLoadGroupItem@CDataBaseEngineSink@@IAE_NKPAXG@Z 00411ff0 f   DataBaseEngineSink.obj
 0001:00011250       ?OnRequestLoadGroupList@CDataBaseEngineSink@@IAE_NKPAXG@Z 00412250 f   DataBaseEngineSink.obj
 0001:00011640       ?OnRequestLoadGroupMember@CDataBaseEngineSink@@IAE_NKPAXG@Z 00412640 f   DataBaseEngineSink.obj
 0001:000119e0       ?OnRequestLoadSingleGroup@CDataBaseEngineSink@@IAE_NKPAXG@Z 004129e0 f   DataBaseEngineSink.obj
 0001:00011e00       ?OnRequestLogonServer@CDataBaseEngineSink@@IAE_NKPAXG@Z 00412e00 f   DataBaseEngineSink.obj
 0001:000123f0       ?OnRequestModifyConfig@CDataBaseEngineSink@@IAE_NKPAXG@Z 004133f0 f   DataBaseEngineSink.obj
 0001:00012860       ?OnRequestModifyGroupName@CDataBaseEngineSink@@IAE_NKPAXG@Z 00413860 f   DataBaseEngineSink.obj
 0001:00012a80       ?OnRequestModifyInfo@CDataBaseEngineSink@@IAE_NKPAXG@Z 00413a80 f   DataBaseEngineSink.obj
 0001:00012d90       ?OnRequestModifyRight@CDataBaseEngineSink@@IAE_NKPAXG@Z 00413d90 f   DataBaseEngineSink.obj
 0001:00013090       ?OnRequestOpenBox@CDataBaseEngineSink@@IAE_NKPAXG@Z 00414090 f   DataBaseEngineSink.obj
 0001:00013470       ?OnRequestPresentScore@CDataBaseEngineSink@@IAE_NKPAXG@Z 00414470 f   DataBaseEngineSink.obj
 0001:00013890       ?OnRequestQueryBattle@CDataBaseEngineSink@@IAE_NKPAXG@Z 00414890 f   DataBaseEngineSink.obj
 0001:00013bb0       ?OnRequestQueryCreate@CDataBaseEngineSink@@IAE_NKPAXG@Z 00414bb0 f   DataBaseEngineSink.obj
 0001:00013dd0       ?OnRequestQueryDayDetail@CDataBaseEngineSink@@IAE_NKPAXG@Z 00414dd0 f   DataBaseEngineSink.obj
 0001:00014290       ?OnRequestQueryDayRecord@CDataBaseEngineSink@@IAE_NKPAXG@Z 00415290 f   DataBaseEngineSink.obj
 0001:000145e0       ?OnRequestQueryMedalMode@CDataBaseEngineSink@@IAE_NKPAXG@Z 004155e0 f   DataBaseEngineSink.obj
 0001:000147d0       ?OnRequestQueryPresent@CDataBaseEngineSink@@IAE_NKPAXG@Z 004157d0 f   DataBaseEngineSink.obj
 0001:00014b90       ?OnRequestQueryRevenue@CDataBaseEngineSink@@IAE_NKPAXG@Z 00415b90 f   DataBaseEngineSink.obj
 0001:00014e80       ?OnRequestQueryScore@CDataBaseEngineSink@@IAE_NKPAXG@Z 00415e80 f   DataBaseEngineSink.obj
 0001:000150b0       ?OnRequestQueryTotalBattle@CDataBaseEngineSink@@IAE_NKPAXG@Z 004160b0 f   DataBaseEngineSink.obj
 0001:000152f0       ?OnRequestRightManagement@CDataBaseEngineSink@@IAE_NKPAXG@Z 004162f0 f   DataBaseEngineSink.obj
 0001:00015600       ?OnRequestRoomDetail@CDataBaseEngineSink@@IAE_NKPAXG@Z 00416600 f   DataBaseEngineSink.obj
 0001:00015af0       ?OnRequestSetBigWinner@CDataBaseEngineSink@@IAE_NKPAXG@Z 00416af0 f   DataBaseEngineSink.obj
 0001:00015dc0       ?OnRequestSetCaptainPoint@CDataBaseEngineSink@@IAE_NKPAXG@Z 00416dc0 f   DataBaseEngineSink.obj
 0001:00015fd0       ?OnRequestSetFavoriteConfig@CDataBaseEngineSink@@IAE_NKPAXG@Z 00416fd0 f   DataBaseEngineSink.obj
 0001:000161b0       ?OnRequestSetFlag@CDataBaseEngineSink@@IAE_NKPAXG@Z 004171b0 f   DataBaseEngineSink.obj
 0001:00016420       ?OnRequestSetFreeTableLimit@CDataBaseEngineSink@@IAE_NKPAXG@Z 00417420 f   DataBaseEngineSink.obj
 0001:000166f0       ?OnRequestSetGroupStatus@CDataBaseEngineSink@@IAE_NKPAXG@Z 004176f0 f   DataBaseEngineSink.obj
 0001:00016970       ?OnRequestSetInOut@CDataBaseEngineSink@@IAE_NKPAXG@Z 00417970 f   DataBaseEngineSink.obj
 0001:00016c80       ?OnRequestSetMedal@CDataBaseEngineSink@@IAE_NKPAXG@Z 00417c80 f   DataBaseEngineSink.obj
 0001:00016fc0       ?OnRequestSetPrivacy@CDataBaseEngineSink@@IAE_NKPAXG@Z 00417fc0 f   DataBaseEngineSink.obj
 0001:000171b0       ?OnRequestSetRollMSg@CDataBaseEngineSink@@IAE_NKPAXG@Z 004181b0 f   DataBaseEngineSink.obj
 0001:00017490       ?OnRequestSettleBattle@CDataBaseEngineSink@@IAE_NKPAXG@Z 00418490 f   DataBaseEngineSink.obj
 0001:00017750       ?OnRequestTeamerDayRecord@CDataBaseEngineSink@@IAE_NKPAXG@Z 00418750 f   DataBaseEngineSink.obj
 0001:00017ac0       ?OnRequestUpdateGroup@CDataBaseEngineSink@@IAE_NKPAXG@Z 00418ac0 f   DataBaseEngineSink.obj
 0001:00018160       ?OnRequestUpdateMember@CDataBaseEngineSink@@IAE_NKPAXG@Z 00419160 f   DataBaseEngineSink.obj
 0001:000182f0       ?OnRequestUpdateOnlineStatus@CDataBaseEngineSink@@IAE_NKPAXG@Z 004192f0 f   DataBaseEngineSink.obj
 0001:00018450       ?QueryInterface@CDataBaseEngineSink@@UAEPAXABU_GUID@@K@Z 00419450 f   DataBaseEngineSink.obj
 0001:00018500       ?TraceDatabaseException@CDataBaseEngineSink@@IAEXPAD0HPAUIDataBaseException@@@Z 00419500 f   DataBaseEngineSink.obj
 0001:00018650       ??0CGroupInfoManager@@QAE@XZ 00419650 f   GroupInfoManager.obj
 0001:00018750       ??0CGroupItem@@IAE@XZ      00419750 f   GroupInfoManager.obj
 0001:00018890       ??1?$CMap@KKPAVCGroupItem@@PAV1@@@UAE@XZ 00419890 f i GroupInfoManager.obj
 0001:000188d0       ??1?$CWHArray@PAVCGroupItem@@ABQAV1@@@UAE@XZ 004198d0 f i GroupInfoManager.obj
 0001:00018900       ??1CGroupInfoManager@@UAE@XZ 00419900 f   GroupInfoManager.obj
 0001:00018ab0       ??1CGroupItem@@MAE@XZ      00419ab0 f   GroupInfoManager.obj
 0001:00018bc0       ??A?$CMap@KKPAV?$CWHArray@KABK@@PAV1@@@QAEAAPAV?$CWHArray@KABK@@K@Z 00419bc0 f i ServiceUnits.obj
 0001:00018bc0       ??A?$CMap@KKPAVCServerUserItem@@PAV1@@@QAEAAPAVCServerUserItem@@K@Z 00419bc0 f i ServerUserManager.obj
 0001:00018bc0       ??A?$CMap@KKPAVCGroupItem@@PAV1@@@QAEAAPAVCGroupItem@@K@Z 00419bc0 f i GroupInfoManager.obj
 0001:00018c70       ??A?$CMap@KKUtagClubTableInfo@@AAU1@@@QAEAAUtagClubTableInfo@@K@Z 00419c70 f i GroupInfoManager.obj
 0001:00018d20       ??_G?$CMap@KKPAVCGroupItem@@PAV1@@@UAEPAXI@Z 00419d20 f i GroupInfoManager.obj
 0001:00018d20       ??_E?$CMap@KKPAVCGroupItem@@PAV1@@@UAEPAXI@Z 00419d20 f i GroupInfoManager.obj
 0001:00018da0       ??_G?$CMap@KKUtagClubTableInfo@@AAU1@@@UAEPAXI@Z 00419da0 f i GroupInfoManager.obj
 0001:00018da0       ??_E?$CMap@KKUtagClubTableInfo@@AAU1@@@UAEPAXI@Z 00419da0 f i GroupInfoManager.obj
 0001:00018e20       ??_E?$CWHArray@PAVCGroupItem@@ABQAV1@@@UAEPAXI@Z 00419e20 f i GroupInfoManager.obj
 0001:00018e20       ??_G?$CWHArray@PAVCGroupItem@@ABQAV1@@@UAEPAXI@Z 00419e20 f i GroupInfoManager.obj
 0001:00018e60       ??_G?$CWHArray@UtagClubRollMsg@@ABU1@@@UAEPAXI@Z 00419e60 f i GroupInfoManager.obj
 0001:00018e60       ??_E?$CWHArray@UtagClubRollMsg@@ABU1@@@UAEPAXI@Z 00419e60 f i GroupInfoManager.obj
 0001:00018ea0       ??_E?$CWHArray@UtagGroupConfigInfo@@ABU1@@@UAEPAXI@Z 00419ea0 f i GroupInfoManager.obj
 0001:00018ea0       ??_G?$CWHArray@UtagGroupConfigInfo@@ABU1@@@UAEPAXI@Z 00419ea0 f i GroupInfoManager.obj
 0001:00018ee0       ??_E?$CWHArray@UtagIMGroupMember@@ABU1@@@UAEPAXI@Z 00419ee0 f i GroupInfoManager.obj
 0001:00018ee0       ??_G?$CWHArray@UtagIMGroupMember@@ABU1@@@UAEPAXI@Z 00419ee0 f i GroupInfoManager.obj
 0001:00018f20       ??_GCGroupInfoManager@@UAEPAXI@Z 00419f20 f i GroupInfoManager.obj
 0001:00018f20       ??_ECGroupInfoManager@@UAEPAXI@Z 00419f20 f i GroupInfoManager.obj
 0001:00018f50       ??_GCGroupItem@@MAEPAXI@Z  00419f50 f i GroupInfoManager.obj
 0001:00018f50       ??_ECGroupItem@@MAEPAXI@Z  00419f50 f i GroupInfoManager.obj
 0001:00018f80       ?ActiveGroupItem@CGroupInfoManager@@UAE_NAAUtagIMGroupItem@@@Z 00419f80 f   GroupInfoManager.obj
 0001:000190b0       ?AddConfig@CGroupItem@@UAE_NAAUtagGroupConfigInfo@@@Z 0041a0b0 f   GroupInfoManager.obj
 0001:00019120       ?AddMember@CGroupItem@@UAE_NAAUtagIMGroupMember@@@Z 0041a120 f   GroupInfoManager.obj
 0001:00019160       ?AddPersonalTable@CGroupItem@@UAE_NKUtagClubTableInfo@@@Z 0041a160 f   GroupInfoManager.obj
 0001:000191b0       ?AddRollMsg@CGroupItem@@UAEXAAUtagClubRollMsg@@@Z 0041a1b0 f   GroupInfoManager.obj
 0001:000191f0       ?AllocMemory@?$CWHArray@UtagClubRollMsg@@ABU1@@@QAEXH@Z 0041a1f0 f i GroupInfoManager.obj
 0001:00019280       ?AllocMemory@?$CWHArray@UtagGroupConfigInfo@@ABU1@@@QAEXH@Z 0041a280 f i GroupInfoManager.obj
 0001:00019310       ?AllocMemory@?$CWHArray@UtagIMGroupMember@@ABU1@@@QAEXH@Z 0041a310 f i GroupInfoManager.obj
 0001:000193a0       ?CheckValid@CGroupInfoManager@@UAEHXZ 0041a3a0 f   GroupInfoManager.obj
 0001:000193b0       ?EnumConfig@CGroupItem@@UAEPAUtagGroupConfigInfo@@H@Z 0041a3b0 f   GroupInfoManager.obj
 0001:000193f0       ?EnumGroupItem@CGroupInfoManager@@UAEPAVCGroupItem@@AAPAU__POSITION@@@Z 0041a3f0 f   GroupInfoManager.obj
 0001:00019440       ?EnumMember@CGroupItem@@UAEPAUtagIMGroupMember@@H@Z 0041a440 f   GroupInfoManager.obj
 0001:00019480       ?EnumTable@CGroupItem@@UAE?AUtagClubTableInfo@@AAPAU__POSITION@@@Z 0041a480 f   GroupInfoManager.obj
 0001:000194d0       ?GetCMapClubTableInfo@CGroupItem@@UAEPAV?$CMap@KKUtagClubTableInfo@@AAU1@@@XZ 0041a4d0 f i GroupInfoManager.obj
 0001:000194e0       ?GetConfigCount@CGroupItem@@UAEKXZ 0041a4e0 f i GroupInfoManager.obj
 0001:000194f0       ?GetConfigID@CGroupItem@@UAEKK@Z 0041a4f0 f   GroupInfoManager.obj
 0001:00019540       ?GetGroupBattleRule@CGroupItem@@UAEPAUtagIMGroupBattleRule@@XZ 0041a540 f i GroupInfoManager.obj
 0001:00019550       ?GetGroupCreaterID@CGroupItem@@UAEKXZ 0041a550 f i GroupInfoManager.obj
 0001:00019560       ?GetGroupID@CGroupItem@@UAEKXZ 0041a560 f i GroupInfoManager.obj
 0001:00019570       ?GetGroupWealth@CGroupItem@@UAEPAUtagIMGroupWealth@@XZ 0041a570 f i GroupInfoManager.obj
 0001:00019570       ?GetGroupItem@CGroupItem@@UAEPAUtagIMGroupItem@@XZ 0041a570 f i GroupInfoManager.obj
 0001:00019580       ?GetGroupItemCount@CGroupInfoManager@@UAEKXZ 0041a580 f i GroupInfoManager.obj
 0001:00019580       ?GetGameID@CServerUserItem@@UAEKXZ 0041a580 f i ServerUserManager.obj
 0001:00019590       ?GetGroupProperty@CGroupItem@@UAEPAUtagIMGroupProperty@@XZ 0041a590 f i GroupInfoManager.obj
 0001:000195a0       ?GetNextAssoc@?$CMap@KKPAVCGroupItem@@PAV1@@@QBEXAAPAU__POSITION@@AAKAAPAVCGroupItem@@@Z 0041a5a0 f i GroupInfoManager.obj
 0001:00019630       ?GetNotice@CGroupItem@@UAEPA_WXZ 0041a630 f i GroupInfoManager.obj
 0001:00019640       ?GetNullTableCount@CGroupItem@@UAEHK@Z 0041a640 f   GroupInfoManager.obj
 0001:00019700       ?GetRecommendGroup@CGroupInfoManager@@UAEGKGPAUtagIMGroupProperty@@@Z 0041a700 f   GroupInfoManager.obj
 0001:00019860       ?GetTableInfo@CGroupItem@@UAE_NKAAUtagClubTableInfo@@@Z 0041a860 f   GroupInfoManager.obj
 0001:000198b0       ?IsUserInGame@CGroupItem@@UAE_NKAAUtagClubTableInfo@@_N@Z 0041a8b0 f   GroupInfoManager.obj
 0001:000198f0       ?ModifyConfig@CGroupItem@@UAE_NAAUtagGroupConfigInfo@@@Z 0041a8f0 f   GroupInfoManager.obj
 0001:00019900       ?NewAssoc@?$CMap@KKPAV?$CWHArray@KABK@@PAV1@@@IAEPAVCAssoc@1@K@Z 0041a900 f i ServiceUnits.obj
 0001:00019900       ?NewAssoc@?$CMap@KKPAVCServerUserItem@@PAV1@@@IAEPAVCAssoc@1@K@Z 0041a900 f i ServerUserManager.obj
 0001:00019900       ?NewAssoc@?$CMap@KKPAVCGroupItem@@PAV1@@@IAEPAVCAssoc@1@K@Z 0041a900 f i GroupInfoManager.obj
 0001:00019980       ?NewAssoc@?$CMap@KKUtagClubTableInfo@@AAU1@@@IAEPAVCAssoc@1@K@Z 0041a980 f i GroupInfoManager.obj
 0001:00019a40       ?RemoveConfig@CGroupItem@@UAE_NH@Z 0041aa40 f   GroupInfoManager.obj
 0001:00019ab0       ?RemoveConfig@CGroupItem@@UAE_NK@Z 0041aab0 f   GroupInfoManager.obj
 0001:00019b40       ?RemoveGroupItem@CGroupInfoManager@@UAE_NK@Z 0041ab40 f   GroupInfoManager.obj
 0001:00019ba0       ?RemoveGroupItem@CGroupInfoManager@@UAE_NXZ 0041aba0 f   GroupInfoManager.obj
 0001:00019c40       ?RemoveKey@?$CMap@KKPAVCServerUserItem@@PAV1@@@QAEHK@Z 0041ac40 f i ServerUserManager.obj
 0001:00019c40       ?RemoveKey@?$CMap@KKPAVCGroupItem@@PAV1@@@QAEHK@Z 0041ac40 f i GroupInfoManager.obj
 0001:00019cd0       ?RemoveKey@?$CMap@KKUtagClubTableInfo@@AAU1@@@QAEHK@Z 0041acd0 f i GroupInfoManager.obj
 0001:00019d70       ?RemoveMember@CGroupItem@@UAE_NK@Z 0041ad70 f   GroupInfoManager.obj
 0001:00019e00       ?RemovePersonalTable@CGroupItem@@UAE_NG@Z 0041ae00 f   GroupInfoManager.obj
 0001:00019ee0       ?RemovePersonalTable@CGroupItem@@UAE_NK@Z 0041aee0 f   GroupInfoManager.obj
 0001:00019f00       ?ResetGroupItem@CGroupItem@@MAEXXZ 0041af00 f   GroupInfoManager.obj
 0001:00019f50       ?SearchConfig@CGroupItem@@UAEPAUtagGroupConfigInfo@@K@Z 0041af50 f   GroupInfoManager.obj
 0001:00019fb0       ?SearchGroupItem@CGroupInfoManager@@UAEPAVCGroupItem@@K@Z 0041afb0 f   GroupInfoManager.obj
 0001:00019fb0       ?SearchUserItem@CServerUserManager@@UAEPAVCServerUserItem@@K@Z 0041afb0 f   ServerUserManager.obj
 0001:00019fe0       ?SearchMember@CGroupItem@@UAEPAUtagIMGroupMember@@K@Z 0041afe0 f   GroupInfoManager.obj
 0001:0001a040       ?SearchRollMsg@CGroupItem@@UAEPAUtagClubRollMsg@@K@Z 0041b040 f   GroupInfoManager.obj
 0001:0001a0a0       ?Serialize@?$CMap@KKUtagClubTableInfo@@AAU1@@@UAEXAAVCArchive@@@Z 0041b0a0 f i GroupInfoManager.obj
 0001:0001a4b0       ?SetAtGrow@?$CWHArray@UtagClubRollMsg@@ABU1@@@QAEXHABUtagClubRollMsg@@@Z 0041b4b0 f i GroupInfoManager.obj
 0001:0001a520       ?SetAtGrow@?$CWHArray@UtagIMGroupMember@@ABU1@@@QAEXHABUtagIMGroupMember@@@Z 0041b520 f i GroupInfoManager.obj
 0001:0001a590       ?SetNotice@CGroupItem@@UAEXPA_W@Z 0041b590 f i GroupInfoManager.obj
 0001:0001a5a0       ?SetSize@?$CWHArray@UtagGroupConfigInfo@@ABU1@@@QAEXH@Z 0041b5a0 f i GroupInfoManager.obj
 0001:0001a640       ?UpdateTableUserInfo@CGroupItem@@UAE_NPAUCMD_CS_S_UpdateTable@@@Z 0041b640 f   GroupInfoManager.obj
 0001:0001a6b0       ??0CInitParameter@@QAE@XZ  0041b6b0 f   InitParameter.obj
 0001:0001a6d0       ??1CInitParameter@@UAE@XZ  0041b6d0 f   InitParameter.obj
 0001:0001a6e0       ??_GCInitParameter@@UAEPAXI@Z 0041b6e0 f i InitParameter.obj
 0001:0001a6e0       ??_ECInitParameter@@UAEPAXI@Z 0041b6e0 f i InitParameter.obj
 0001:0001a710       ?InitParameter@CInitParameter@@QAEXXZ 0041b710 f   InitParameter.obj
 0001:0001a7d0       ?LoadInitParameter@CInitParameter@@QAEXXZ 0041b7d0 f   InitParameter.obj
 0001:0001ab30       ??0CServerListManager@NServerListManager@@QAE@XZ 0041bb30 f   ServerListManager.obj
 0001:0001ac30       ??1?$CMap@GGPAVCGameServerItem@NServerListManager@@AAPAV12@@@UAE@XZ 0041bc30 f i ServerListManager.obj
 0001:0001ac70       ??1?$CWHArray@PAVCGameServerItem@NServerListManager@@ABQAV12@@@UAE@XZ 0041bc70 f i ServerListManager.obj
 0001:0001aca0       ??1CServerListManager@NServerListManager@@UAE@XZ 0041bca0 f   ServerListManager.obj
 0001:0001ae50       ??A?$CMap@GGPAVCGameServerItem@NServerListManager@@AAPAV12@@@QAEAAPAVCGameServerItem@NServerListManager@@G@Z 0041be50 f i ServerListManager.obj
 0001:0001af00       ??_G?$CMap@GGPAVCGameServerItem@NServerListManager@@AAPAV12@@@UAEPAXI@Z 0041bf00 f i ServerListManager.obj
 0001:0001af00       ??_E?$CMap@GGPAVCGameServerItem@NServerListManager@@AAPAV12@@@UAEPAXI@Z 0041bf00 f i ServerListManager.obj
 0001:0001af80       ??_G?$CWHArray@PAVCGameServerItem@NServerListManager@@ABQAV12@@@UAEPAXI@Z 0041bf80 f i ServerListManager.obj
 0001:0001af80       ??_E?$CWHArray@PAVCGameServerItem@NServerListManager@@ABQAV12@@@UAEPAXI@Z 0041bf80 f i ServerListManager.obj
 0001:0001afc0       ??_GCServerListManager@NServerListManager@@UAEPAXI@Z 0041bfc0 f i ServerListManager.obj
 0001:0001afc0       ??_ECServerListManager@NServerListManager@@UAEPAXI@Z 0041bfc0 f i ServerListManager.obj
 0001:0001aff0       ?Add@?$CWHArray@PAVCGameServerItem@NServerListManager@@ABQAV12@@@QAEHABQAVCGameServerItem@NServerListManager@@@Z 0041bff0 f i ServerListManager.obj
 0001:0001aff0       ?Add@?$CWHArray@PAVCGroupItem@@ABQAV1@@@QAEHABQAVCGroupItem@@@Z 0041bff0 f i GroupInfoManager.obj
 0001:0001b050       ?AllocMemory@?$CWHArray@PAVCGameServerItem@NServerListManager@@ABQAV12@@@QAEXH@Z 0041c050 f i ServerListManager.obj
 0001:0001b050       ?AllocMemory@?$CWHArray@PAVCServerUserItem@@ABQAV1@@@QAEXH@Z 0041c050 f i ServerUserManager.obj
 0001:0001b050       ?AllocMemory@?$CWHArray@PAVCGroupItem@@ABQAV1@@@QAEXH@Z 0041c050 f i GroupInfoManager.obj
 0001:0001b0e0       ?CleanServerItem@CServerListManager@NServerListManager@@QAEXXZ 0041c0e0 f   ServerListManager.obj
 0001:0001b1a0       ?DeleteGameServer@CServerListManager@NServerListManager@@QAE_NG@Z 0041c1a0 f   ServerListManager.obj
 0001:0001b1f0       ?DisuseServerItem@CServerListManager@NServerListManager@@QAEXXZ 0041c1f0 f   ServerListManager.obj
 0001:0001b290       ?GetAssocAt@?$CMap@GGPAVCGameServerItem@NServerListManager@@AAPAV12@@@IBEPAVCAssoc@1@GAAI0@Z 0041c290 f i ServerListManager.obj
 0001:0001b300       ?GetNextAssoc@?$CMap@GGPAVCGameServerItem@NServerListManager@@AAPAV12@@@QBEXAAPAU__POSITION@@AAGAAPAVCGameServerItem@NServerListManager@@@Z 0041c300 f i ServerListManager.obj
 0001:0001b390       ?InsertGameServer@CServerListManager@NServerListManager@@QAE_NPAUtagGameServer@@@Z 0041c390 f   ServerListManager.obj
 0001:0001b4f0       ?IsGroupPersonalMaxChairGame@CServerListManager@NServerListManager@@QAE_NG@Z 0041c4f0 f   ServerListManager.obj
 0001:0001b570       ?NewAssoc@?$CMap@GGPAVCGameServerItem@NServerListManager@@AAPAV12@@@IAEPAVCAssoc@1@G@Z 0041c570 f i ServerListManager.obj
 0001:0001b5f0       ?RemoveKey@?$CMap@GGPAVCGameServerItem@NServerListManager@@AAPAV12@@@QAEHG@Z 0041c5f0 f i ServerListManager.obj
 0001:0001b690       ?ResetServerList@CServerListManager@NServerListManager@@QAEXXZ 0041c690 f   ServerListManager.obj
 0001:0001b6a0       ?SearchGameServer@CServerListManager@NServerListManager@@QAEPAVCGameServerItem@2@G@Z 0041c6a0 f   ServerListManager.obj
 0001:0001b6d0       ?Serialize@?$CMap@GGPAVCGameServerItem@NServerListManager@@AAPAV12@@@UAEXAAVCArchive@@@Z 0041c6d0 f i ServerListManager.obj
 0001:0001b9d0       ??0CLocalUserItem@@IAE@XZ  0041c9d0 f   ServerUserManager.obj
 0001:0001ba70       ??0CServerUserManager@@QAE@XZ 0041ca70 f   ServerUserManager.obj
 0001:0001bb90       ??1?$CMap@KKPAVCServerUserItem@@PAV1@@@UAE@XZ 0041cb90 f i ServerUserManager.obj
 0001:0001bbd0       ??1?$CWHArray@PAVCServerUserItem@@ABQAV1@@@UAE@XZ 0041cbd0 f i ServerUserManager.obj
 0001:0001bc00       ??1CServerUserItem@@MAE@XZ 0041cc00 f   ServerUserManager.obj
 0001:0001bc10       ??1CServerUserManager@@UAE@XZ 0041cc10 f   ServerUserManager.obj
 0001:0001bde0       ??_G?$CMap@KKPAVCServerUserItem@@PAV1@@@UAEPAXI@Z 0041cde0 f i ServerUserManager.obj
 0001:0001bde0       ??_E?$CMap@KKPAVCServerUserItem@@PAV1@@@UAEPAXI@Z 0041cde0 f i ServerUserManager.obj
 0001:0001be60       ??_E?$CWHArray@PAVCServerUserItem@@ABQAV1@@@UAEPAXI@Z 0041ce60 f i ServerUserManager.obj
 0001:0001be60       ??_G?$CWHArray@PAVCServerUserItem@@ABQAV1@@@UAEPAXI@Z 0041ce60 f i ServerUserManager.obj
 0001:0001bea0       ??_GCLocalUserItem@@MAEPAXI@Z 0041cea0 f i ServerUserManager.obj
 0001:0001bea0       ??_ECLocalUserItem@@MAEPAXI@Z 0041cea0 f i ServerUserManager.obj
 0001:0001bee0       ??_ECRemoteUserItem@@MAEPAXI@Z 0041cee0 f i ServerUserManager.obj
 0001:0001bee0       ??_ECServerUserItem@@MAEPAXI@Z 0041cee0 f i ServerUserManager.obj
 0001:0001bee0       ??_GCRemoteUserItem@@MAEPAXI@Z 0041cee0 f i ServerUserManager.obj
 0001:0001bee0       ??_GCServerUserItem@@MAEPAXI@Z 0041cee0 f i ServerUserManager.obj
 0001:0001bf10       ??_GCServerUserManager@@UAEPAXI@Z 0041cf10 f i ServerUserManager.obj
 0001:0001bf10       ??_ECServerUserManager@@UAEPAXI@Z 0041cf10 f i ServerUserManager.obj
 0001:0001bf40       ?Append@?$CWHArray@PAVCServerUserItem@@ABQAV1@@@QAEHABV1@@Z 0041cf40 f i ServerUserManager.obj
 0001:0001bfa0       ?ContrastLogonPass@CLocalUserItem@@UAE_NPB_W@Z 0041cfa0 f   ServerUserManager.obj
 0001:0001bff0       ?ContrastNickName@CLocalUserItem@@UAE_NPB_W@Z 0041cff0 f   ServerUserManager.obj
 0001:0001c040       ?DeleteUserItem@CServerUserManager@@UAE_NK@Z 0041d040 f   ServerUserManager.obj
 0001:0001c120       ?DeleteUserItem@CServerUserManager@@UAE_NXZ 0041d120 f   ServerUserManager.obj
 0001:0001c160       ?EnumUserItem@CServerUserManager@@UAEPAVCServerUserItem@@G@Z 0041d160 f   ServerUserManager.obj
 0001:0001c180       ?GetActiveGroupID@CServerUserItem@@UAEKXZ 0041d180 f i ServerUserManager.obj
 0001:0001c190       ?GetGender@CServerUserItem@@UAEEXZ 0041d190 f i ServerUserManager.obj
 0001:0001c1a0       ?GetGroupCount@CLocalUserItem@@UAEGXZ 0041d1a0 f i ServerUserManager.obj
 0001:0001c1b0       ?GetGroupData@CLocalUserItem@@UAEPAKXZ 0041d1b0 f i ServerUserManager.obj
 0001:0001c1c0       ?GetLogonTime@CLocalUserItem@@UAEKXZ 0041d1c0 f i ServerUserManager.obj
 0001:0001c1d0       ?GetNickName@CServerUserItem@@UAEPB_WXZ 0041d1d0 f i ServerUserManager.obj
 0001:0001c1e0       ?GetSocketID@CServerUserItem@@UAEKXZ 0041d1e0 f i ServerUserManager.obj
 0001:0001c1f0       ?GetUserID@CServerUserItem@@UAEKXZ 0041d1f0 f i ServerUserManager.obj
 0001:0001c200       ?GetUserInfo@CServerUserItem@@UAEPAUtagIMUserInfo@@XZ 0041d200 f i ServerUserManager.obj
 0001:0001c210       ?GetUserItemCount@CServerUserManager@@UAEKXZ 0041d210 f i ServerUserManager.obj
 0001:0001c220       ?GetUserStatus@CServerUserItem@@UAEEXZ 0041d220 f i ServerUserManager.obj
 0001:0001c230       ?InsertGroupID@CLocalUserItem@@UAE_NK@Z 0041d230 f   ServerUserManager.obj
 0001:0001c280       ?InsertLocalUserItem@CServerUserManager@@UAEPAVCLocalUserItem@@AAUtagIMUserInfo@@PB_W@Z 0041d280 f   ServerUserManager.obj
 0001:0001c420       ?InsertRemoteUserItem@CServerUserManager@@UAEPAVCRemoteUserItem@@AAUtagIMUserInfo@@@Z 0041d420 f   ServerUserManager.obj
 0001:0001c5c0       ?ModifyLogonPassword@CLocalUserItem@@QAEXPB_W@Z 0041d5c0 f   ServerUserManager.obj
 0001:0001c5e0       ?RemoveGroupID@CLocalUserItem@@UAEXXZ 0041d5e0 f i ServerUserManager.obj
 0001:0001c5f0       ?RemoveGroupID@CLocalUserItem@@UAE_NK@Z 0041d5f0 f   ServerUserManager.obj
 0001:0001c640       ?ResetUserItem@CLocalUserItem@@MAEXXZ 0041d640 f   ServerUserManager.obj
 0001:0001c680       ?ResetUserItem@CServerUserItem@@MAEXXZ 0041d680 f   ServerUserManager.obj
 0001:0001c680       ?ResetUserItem@CRemoteUserItem@@MAEXXZ 0041d680 f   ServerUserManager.obj
 0001:0001c6a0       ?SetActiveGroupID@CServerUserItem@@UAEXK@Z 0041d6a0 f i ServerUserManager.obj
 0001:0001c6b0       ?SetLogonTime@CLocalUserItem@@UAEXK@Z 0041d6b0 f i ServerUserManager.obj
 0001:0001c6c0       ?SetSocketID@CServerUserItem@@UAEXK@Z 0041d6c0 f i ServerUserManager.obj
 0001:0001c6d0       ?SetUserStatus@CServerUserItem@@UAEXE@Z 0041d6d0 f i ServerUserManager.obj
 0001:0001c6e0       ??0CServiceUnits@@QAE@XZ   0041d6e0 f   ServiceUnits.obj
 0001:0001cb40       ??1CServiceUnits@@UAE@XZ   0041db40 f   ServiceUnits.obj
 0001:0001ce70       ??_E?$CMap@KKPAV?$CWHArray@KABK@@PAV1@@@UAEPAXI@Z 0041de70 f i ServiceUnits.obj
 0001:0001ce70       ??_G?$CMap@KKPAV?$CWHArray@KABK@@PAV1@@@UAEPAXI@Z 0041de70 f i ServiceUnits.obj
 0001:0001cef0       ??_ECAttemperEngineHelper@@UAEPAXI@Z 0041def0 f i ServiceUnits.obj
 0001:0001cef0       ??_GCAttemperEngineHelper@@UAEPAXI@Z 0041def0 f i ServiceUnits.obj
 0001:0001cef0       ??_G?$CTempldateHelper@UIAttemperEngine@@@@UAEPAXI@Z 0041def0 f i ServiceUnits.obj
 0001:0001cef0       ??_E?$CTempldateHelper@UIAttemperEngine@@@@UAEPAXI@Z 0041def0 f i ServiceUnits.obj
 0001:0001cf90       ??_GCCriticalSection@@UAEPAXI@Z 0041df90 f i ServiceUnits.obj
 0001:0001cf90       ??_ECCriticalSection@@UAEPAXI@Z 0041df90 f i ServiceUnits.obj
 0001:0001cfe0       ??_GCDataBaseEngineHelper@@UAEPAXI@Z 0041dfe0 f i ServiceUnits.obj
 0001:0001cfe0       ??_ECDataBaseEngineHelper@@UAEPAXI@Z 0041dfe0 f i ServiceUnits.obj
 0001:0001cfe0       ??_G?$CTempldateHelper@UIDataBaseEngine@@@@UAEPAXI@Z 0041dfe0 f i ServiceUnits.obj
 0001:0001cfe0       ??_E?$CTempldateHelper@UIDataBaseEngine@@@@UAEPAXI@Z 0041dfe0 f i ServiceUnits.obj
 0001:0001d080       ??_ECServiceUnits@@UAEPAXI@Z 0041e080 f i ServiceUnits.obj
 0001:0001d080       ??_GCServiceUnits@@UAEPAXI@Z 0041e080 f i ServiceUnits.obj
 0001:0001d0c0       ??_G?$CTempldateHelper@UITCPNetworkEngine@@@@UAEPAXI@Z 0041e0c0 f i ServiceUnits.obj
 0001:0001d0c0       ??_E?$CTempldateHelper@UITCPNetworkEngine@@@@UAEPAXI@Z 0041e0c0 f i ServiceUnits.obj
 0001:0001d0c0       ??_ECTCPNetworkEngineHelper@@UAEPAXI@Z 0041e0c0 f i ServiceUnits.obj
 0001:0001d0c0       ??_GCTCPNetworkEngineHelper@@UAEPAXI@Z 0041e0c0 f i ServiceUnits.obj
 0001:0001d160       ??_E?$CTempldateHelper@UITCPSocketService@@@@UAEPAXI@Z 0041e160 f i ServiceUnits.obj
 0001:0001d160       ??_ECTCPSocketServiceHelper@@UAEPAXI@Z 0041e160 f i ServiceUnits.obj
 0001:0001d160       ??_GCTCPSocketServiceHelper@@UAEPAXI@Z 0041e160 f i ServiceUnits.obj
 0001:0001d160       ??_G?$CTempldateHelper@UITCPSocketService@@@@UAEPAXI@Z 0041e160 f i ServiceUnits.obj
 0001:0001d200       ??_ECTimerEngineHelper@@UAEPAXI@Z 0041e200 f i ServiceUnits.obj
 0001:0001d200       ??_E?$CTempldateHelper@UITimerEngine@@@@UAEPAXI@Z 0041e200 f i ServiceUnits.obj
 0001:0001d200       ??_GCTimerEngineHelper@@UAEPAXI@Z 0041e200 f i ServiceUnits.obj
 0001:0001d200       ??_G?$CTempldateHelper@UITimerEngine@@@@UAEPAXI@Z 0041e200 f i ServiceUnits.obj
 0001:0001d2a0       ?ConcludeService@CServiceUnits@@UAA_NXZ 0041e2a0 f   ServiceUnits.obj
 0001:0001d360       ?CreateInstance@?$CTempldateHelper@UITCPSocketService@@@@QAE_NXZ 0041e360 f i ServiceUnits.obj
 0001:0001d360       ?CreateInstance@?$CTempldateHelper@UITimerEngine@@@@QAE_NXZ 0041e360 f i ServiceUnits.obj
 0001:0001d360       ?CreateInstance@?$CTempldateHelper@UITCPNetworkEngine@@@@QAE_NXZ 0041e360 f i ServiceUnits.obj
 0001:0001d360       ?CreateInstance@?$CTempldateHelper@UIDataBaseEngine@@@@QAE_NXZ 0041e360 f i ServiceUnits.obj
 0001:0001d360       ?CreateInstance@?$CTempldateHelper@UIAttemperEngine@@@@QAE_NXZ 0041e360 f i ServiceUnits.obj
 0001:0001d360       ?CreateInstance@?$CTempldateHelper@UIDataBase@@@@QAE_NXZ 0041e360 f i DataBaseEngineSink.obj
 0001:0001d4e0       ?GetAssocAt@?$CMap@KKPAV?$CWHArray@KABK@@PAV1@@@IBEPAVCAssoc@1@KAAI0@Z 0041e4e0 f i ServiceUnits.obj
 0001:0001d4e0       ?GetAssocAt@?$CMap@KKPAVCGroupItem@@PAV1@@@IBEPAVCAssoc@1@KAAI0@Z 0041e4e0 f i GroupInfoManager.obj
 0001:0001d4e0       ?GetAssocAt@?$CMap@KKPAVCServerUserItem@@PAV1@@@IBEPAVCAssoc@1@KAAI0@Z 0041e4e0 f i ServerUserManager.obj
 0001:0001d550       ?GetMessageMap@CServiceUnits@@MBEPBUAFX_MSGMAP@@XZ 0041e550 f   ServiceUnits.obj
 0001:0001d560       ?GetServiceStatus@CServiceUnits@@UAA?AW4enServiceStatus@@XZ 0041e560 f i ServiceUnits.obj
 0001:0001d570       ?InitializeService@CServiceUnits@@IAE_NXZ 0041e570 f   ServiceUnits.obj
 0001:0001d8c0       ?Lock@CCriticalSection@@UAEHK@Z 0041e8c0 f i ServiceUnits.obj
 0001:0001d8e0       ?OnUIControlRequest@CServiceUnits@@IAEJIJ@Z 0041e8e0 f   ServiceUnits.obj
 0001:0001dab0       ?PostControlRequest@CServiceUnits@@UAA_NGPAXG@Z 0041eab0 f   ServiceUnits.obj
 0001:0001db70       ?SendControlPacket@CServiceUnits@@AAE_NGPAXG@Z 0041eb70 f   ServiceUnits.obj
 0001:0001dba0       ?Serialize@?$CMap@KKPAV?$CWHArray@KABK@@PAV1@@@UAEXAAVCArchive@@@Z 0041eba0 f i ServiceUnits.obj
 0001:0001dba0       ?Serialize@?$CMap@KKPAVCServerUserItem@@PAV1@@@UAEXAAVCArchive@@@Z 0041eba0 f i ServerUserManager.obj
 0001:0001dba0       ?Serialize@?$CMap@KKPAVCGroupItem@@PAV1@@@UAEXAAVCArchive@@@Z 0041eba0 f i GroupInfoManager.obj
 0001:0001deb0       ?SetServiceUnitsSink@CServiceUnits@@UAA_NPAUIServiceUnitsSink@@@Z 0041eeb0 f   ServiceUnits.obj
 0001:0001ded0       ?StartKernelService@CServiceUnits@@IAE_NXZ 0041eed0 f   ServiceUnits.obj
 0001:0001df40       ?StartNetworkService@CServiceUnits@@IAE_NXZ 0041ef40 f   ServiceUnits.obj
 0001:0001df60       ?StartService@CServiceUnits@@UAA_NXZ 0041ef60 f   ServiceUnits.obj
 0001:0001e040       ?Unlock@CCriticalSection@@UAEHXZ 0041f040 f i ServiceUnits.obj
 0001:0001e050       ?Unlock@CSyncObject@@UAEHJPAJ@Z 0041f050 f i ServiceUnits.obj
 0001:0001e060       ??$AtlConvAllocMemory@D@ATL@@YAXPAPADHPADH@Z 0041f060 f i WordFilter.obj
 0001:0001e100       ??$_snprintf_s@$0IB@@@YAHAAY0IB@DIPBDZZ 0041f100 f i WordFilter.obj
 0001:0001e140       ??0CWordFilter@@QAE@XZ     0041f140 f   WordFilter.obj
 0001:0001e1b0       ??0CWordNode@@QAE@D@Z      0041f1b0 f   WordFilter.obj
 0001:0001e210       ??1?$CMap@DDPAVCWordNode@@PAV1@@@UAE@XZ 0041f210 f i WordFilter.obj
 0001:0001e250       ??1?$CW2AEX@$0IA@@ATL@@QAE@XZ 0041f250 f i WordFilter.obj
 0001:0001e270       ??1CWordFilter@@UAE@XZ     0041f270 f   WordFilter.obj
 0001:0001e280       ??1CWordNode@@UAE@XZ       0041f280 f   WordFilter.obj
 0001:0001e390       ??1CWordTree@@UAE@XZ       0041f390 f   WordFilter.obj
 0001:0001e3b0       ??A?$CMap@DDPAVCWordNode@@PAV1@@@QAEAAPAVCWordNode@@D@Z 0041f3b0 f i WordFilter.obj
 0001:0001e460       ??_G?$CMap@DDPAVCWordNode@@PAV1@@@UAEPAXI@Z 0041f460 f i WordFilter.obj
 0001:0001e460       ??_E?$CMap@DDPAVCWordNode@@PAV1@@@UAEPAXI@Z 0041f460 f i WordFilter.obj
 0001:0001e4e0       ??_ECWordFilter@@UAEPAXI@Z 0041f4e0 f i WordFilter.obj
 0001:0001e4e0       ??_GCWordFilter@@UAEPAXI@Z 0041f4e0 f i WordFilter.obj
 0001:0001e510       ??_GCWordNode@@UAEPAXI@Z   0041f510 f i WordFilter.obj
 0001:0001e510       ??_ECWordNode@@UAEPAXI@Z   0041f510 f i WordFilter.obj
 0001:0001e540       ??_ECWordTree@@UAEPAXI@Z   0041f540 f i WordFilter.obj
 0001:0001e540       ??_GCWordTree@@UAEPAXI@Z   0041f540 f i WordFilter.obj
 0001:0001e570       ?AtlThrowLastWin32@ATL@@YGXXZ 0041f570 f i WordFilter.obj
 0001:0001e590       ?FilterWords@CWordFilter@@QAE_NPBD@Z 0041f590 f   WordFilter.obj
 0001:0001e5f0       ?FilterWords@CWordFilter@@QAE_NPB_W@Z 0041f5f0 f   WordFilter.obj
 0001:0001e690       ?Find@CWordTree@@AAEPAVCWordNode@@PAV2@PBD1@Z 0041f690 f   WordFilter.obj
 0001:0001e7a0       ?FindKeyword@CWordNode@@QAE_NPBD@Z 0041f7a0 f   WordFilter.obj
 0001:0001e800       ?GetAssocAt@?$CMap@DDPAVCWordNode@@PAV1@@@IBEPAVCAssoc@1@DAAI0@Z 0041f800 f i WordFilter.obj
 0001:0001e870       ?Init@?$CW2AEX@$0IA@@ATL@@AAEXPB_WI@Z 0041f870 f i WordFilter.obj
 0001:0001e960       ?Insert@CWordTree@@AAEPAVCWordNode@@PAV2@PBD1@Z 0041f960 f   WordFilter.obj
 0001:0001ea60       ?InsertBranch@CWordTree@@AAEPAVCWordNode@@PAV2@PBD1@Z 0041fa60 f   WordFilter.obj
 0001:0001eb20       ?InsertChild@CWordNode@@QAEPAV1@D@Z 0041fb20 f   WordFilter.obj
 0001:0001ebe0       ?InsertKeyword@CWordFilter@@QAE_NPB_W@Z 0041fbe0 f   WordFilter.obj
 0001:0001eca0       ?NewAssoc@?$CMap@DDPAVCWordNode@@PAV1@@@IAEPAVCAssoc@1@D@Z 0041fca0 f i WordFilter.obj
 0001:0001ed20       ?RebuildTree@CWordTree@@IAEXXZ 0041fd20 f   WordFilter.obj
 0001:0001edf0       ?RemoveAll@?$CMap@KKPAVCGroupItem@@PAV1@@@QAEXXZ 0041fdf0 f i GroupInfoManager.obj
 0001:0001edf0       ?RemoveAll@?$CMap@KKPAVCServerUserItem@@PAV1@@@QAEXXZ 0041fdf0 f i ServerUserManager.obj
 0001:0001edf0       ?RemoveAll@?$CMap@KKPAV?$CWHArray@KABK@@PAV1@@@QAEXXZ 0041fdf0 f i ServiceUnits.obj
 0001:0001edf0       ?RemoveAll@?$CMap@KKUtagClubTableInfo@@AAU1@@@QAEXXZ 0041fdf0 f i GroupInfoManager.obj
 0001:0001edf0       ?RemoveAll@?$CMap@DDPAVCWordNode@@PAV1@@@QAEXXZ 0041fdf0 f i WordFilter.obj
 0001:0001edf0       ?RemoveAll@?$CMap@GGPAVCGameServerItem@NServerListManager@@AAPAV12@@@QAEXXZ 0041fdf0 f i ServerListManager.obj
 0001:0001ee50       ?ResetFilter@CWordFilter@@QAEXXZ 0041fe50 f   WordFilter.obj
 0001:0001ee60       ?Serialize@?$CMap@DDPAVCWordNode@@PAV1@@@UAEXAAVCArchive@@@Z 0041fe60 f i WordFilter.obj
 0001:0001f106       ??3@YAXPAX@Z               00420106 f   mfc140u:mfc140u.dll
 0001:0001f10c       ?OnCmdMsg@CCmdTarget@@UAEHIHPAXPAUAFX_CMDHANDLERINFO@@@Z 0042010c f   mfc140u:mfc140u.dll
 0001:0001f112       ?OnFinalRelease@CCmdTarget@@UAEXXZ 00420112 f   mfc140u:mfc140u.dll
 0001:0001f118       ?IsInvokeAllowed@CCmdTarget@@UAEHJ@Z 00420118 f   mfc140u:mfc140u.dll
 0001:0001f11e       ?GetDispatchIID@CCmdTarget@@UAEHPAU_GUID@@@Z 0042011e f   mfc140u:mfc140u.dll
 0001:0001f124       ?GetTypeInfoCount@CCmdTarget@@UAEIXZ 00420124 f   mfc140u:mfc140u.dll
 0001:0001f12a       ?GetTypeLibCache@CCmdTarget@@UAEPAVCTypeLibCache@@XZ 0042012a f   mfc140u:mfc140u.dll
 0001:0001f130       ?GetTypeLib@CCmdTarget@@UAEJKPAPAUITypeLib@@@Z 00420130 f   mfc140u:mfc140u.dll
 0001:0001f136       ?GetCommandMap@CCmdTarget@@MBEPBUAFX_OLECMDMAP@@XZ 00420136 f   mfc140u:mfc140u.dll
 0001:0001f13c       ?GetDispatchMap@CCmdTarget@@MBEPBUAFX_DISPMAP@@XZ 0042013c f   mfc140u:mfc140u.dll
 0001:0001f142       ?GetConnectionMap@CCmdTarget@@MBEPBUAFX_CONNECTIONMAP@@XZ 00420142 f   mfc140u:mfc140u.dll
 0001:0001f148       ?GetInterfaceMap@CCmdTarget@@MBEPBUAFX_INTERFACEMAP@@XZ 00420148 f   mfc140u:mfc140u.dll
 0001:0001f14e       ?GetEventSinkMap@CCmdTarget@@MBEPBUAFX_EVENTSINKMAP@@XZ 0042014e f   mfc140u:mfc140u.dll
 0001:0001f154       ?OnCreateAggregates@CCmdTarget@@UAEHXZ 00420154 f   mfc140u:mfc140u.dll
 0001:0001f15a       ?GetInterfaceHook@CCmdTarget@@UAEPAUIUnknown@@PBX@Z 0042015a f   mfc140u:mfc140u.dll
 0001:0001f160       ?GetExtraConnectionPoints@CCmdTarget@@MAEHPAVCPtrArray@@@Z 00420160 f   mfc140u:mfc140u.dll
 0001:0001f166       ?GetConnectionHook@CCmdTarget@@MAEPAUIConnectionPoint@@ABU_GUID@@@Z 00420166 f   mfc140u:mfc140u.dll
 0001:0001f16c       ?AfxInitRichEdit2@@YGHXZ   0042016c f   mfc140u:mfc140u.dll
 0001:0001f172       ?DoModal@CDialog@@UAEHXZ   00420172 f   mfc140u:mfc140u.dll
 0001:0001f178       ?PreTranslateMessage@CWinThread@@UAEHPAUtagMSG@@@Z 00420178 f   mfc140u:mfc140u.dll
 0001:0001f17e       ?PumpMessage@CWinThread@@UAEHXZ 0042017e f   mfc140u:mfc140u.dll
 0001:0001f184       ?IsIdleMessage@CWinThread@@UAEHPAUtagMSG@@@Z 00420184 f   mfc140u:mfc140u.dll
 0001:0001f18a       ?ProcessMessageFilter@CWinThread@@UAEHHPAUtagMSG@@@Z 0042018a f   mfc140u:mfc140u.dll
 0001:0001f190       ?GetMainWnd@CWinThread@@UAEPAVCWnd@@XZ 00420190 f   mfc140u:mfc140u.dll
 0001:0001f196       ?Delete@CWinThread@@UAEXXZ 00420196 f   mfc140u:mfc140u.dll
 0001:0001f19c       ?GetRuntimeClass@CWinApp@@UBEPAUCRuntimeClass@@XZ 0042019c f   mfc140u:mfc140u.dll
 0001:0001f1a2       ??0CWinApp@@QAE@PB_W@Z     004201a2 f   mfc140u:mfc140u.dll
 0001:0001f1a8       ?SetRegistryKey@CWinApp@@IAEXPB_W@Z 004201a8 f   mfc140u:mfc140u.dll
 0001:0001f1ae       ?GetProfileIntW@CWinApp@@UAEIPB_W0H@Z 004201ae f   mfc140u:mfc140u.dll
 0001:0001f1b4       ?WriteProfileInt@CWinApp@@UAEHPB_W0H@Z 004201b4 f   mfc140u:mfc140u.dll
 0001:0001f1ba       ?GetProfileStringW@CWinApp@@UAE?AV?$CStringT@_WV?$StrTraitMFC_DLL@_WV?$ChTraitsCRT@_W@ATL@@@@@ATL@@PB_W00@Z 004201ba f   mfc140u:mfc140u.dll
 0001:0001f1c0       ?WriteProfileStringW@CWinApp@@UAEHPB_W00@Z 004201c0 f   mfc140u:mfc140u.dll
 0001:0001f1c6       ?GetProfileBinary@CWinApp@@UAEHPB_W0PAPAEPAI@Z 004201c6 f   mfc140u:mfc140u.dll
 0001:0001f1cc       ?WriteProfileBinary@CWinApp@@UAEHPB_W0PAEI@Z 004201cc f   mfc140u:mfc140u.dll
 0001:0001f1d2       ?InitLibId@CWinApp@@UAEXXZ 004201d2 f   mfc140u:mfc140u.dll
 0001:0001f1d8       ?Register@CWinApp@@UAEHXZ  004201d8 f   mfc140u:mfc140u.dll
 0001:0001f1de       ?Unregister@CWinApp@@UAEHXZ 004201de f   mfc140u:mfc140u.dll
 0001:0001f1e4       ?OpenDocumentFile@CWinApp@@UAEPAVCDocument@@PB_W@Z 004201e4 f   mfc140u:mfc140u.dll
 0001:0001f1ea       ?OpenDocumentFile@CWinApp@@UAEPAVCDocument@@PB_WH@Z 004201ea f   mfc140u:mfc140u.dll
 0001:0001f1f0       ?AddToRecentFileList@CWinApp@@UAEXPB_W@Z 004201f0 f   mfc140u:mfc140u.dll
 0001:0001f1f6       ?InitApplication@CWinApp@@UAEHXZ 004201f6 f   mfc140u:mfc140u.dll
 0001:0001f1fc       ?SaveAllModified@CWinApp@@UAEHXZ 004201fc f   mfc140u:mfc140u.dll
 0001:0001f202       ?DoMessageBox@CWinApp@@UAEHPB_WII@Z 00420202 f   mfc140u:mfc140u.dll
 0001:0001f208       ?DoWaitCursor@CWinApp@@UAEXH@Z 00420208 f   mfc140u:mfc140u.dll
 0001:0001f20e       ?OnDDECommand@CWinApp@@UAEHPA_W@Z 0042020e f   mfc140u:mfc140u.dll
 0001:0001f214       ?WinHelpW@CWinApp@@UAEXKI@Z 00420214 f   mfc140u:mfc140u.dll
 0001:0001f21a       ?HtmlHelpW@CWinApp@@UAEXKI@Z 0042021a f   mfc140u:mfc140u.dll
 0001:0001f220       ?WinHelpInternal@CWinApp@@UAEXKI@Z 00420220 f   mfc140u:mfc140u.dll
 0001:0001f226       ?RegisterWithRestartManager@CWinApp@@UAEJHABV?$CStringT@_WV?$StrTraitMFC_DLL@_WV?$ChTraitsCRT@_W@ATL@@@@@ATL@@@Z 00420226 f   mfc140u:mfc140u.dll
 0001:0001f22c       ?RegisterWithRestartManager@CWinApp@@UAEJPB_WKP6GKPAX@Z1KK@Z 0042022c f   mfc140u:mfc140u.dll
 0001:0001f232       ?ApplicationRecoveryCallback@CWinApp@@UAEKPAX@Z 00420232 f   mfc140u:mfc140u.dll
 0001:0001f238       ?GetDataRecoveryHandler@CWinApp@@UAEPAVCDataRecoveryHandler@@XZ 00420238 f   mfc140u:mfc140u.dll
 0001:0001f23e       ?IsTaskbarInteractionEnabled@CWinApp@@UAEHXZ 0042023e f   mfc140u:mfc140u.dll
 0001:0001f244       ?InitInstance@CWinApp@@UAEHXZ 00420244 f   mfc140u:mfc140u.dll
 0001:0001f24a       ?ExitInstance@CWinApp@@UAEHXZ 0042024a f   mfc140u:mfc140u.dll
 0001:0001f250       ?RestartInstance@CWinApp@@UAEHXZ 00420250 f   mfc140u:mfc140u.dll
 0001:0001f256       ?Run@CWinApp@@UAEHXZ       00420256 f   mfc140u:mfc140u.dll
 0001:0001f25c       ?OnIdle@CWinApp@@UAEHJ@Z   0042025c f   mfc140u:mfc140u.dll
 0001:0001f262       ?ProcessWndProcException@CWinApp@@UAEJPAVCException@@PBUtagMSG@@@Z 00420262 f   mfc140u:mfc140u.dll
 0001:0001f268       ?LoadAppLangResourceDLL@CWinApp@@UAEPAUHINSTANCE__@@XZ 00420268 f   mfc140u:mfc140u.dll
 0001:0001f26e       ??1CWinApp@@UAE@XZ         0042026e f   mfc140u:mfc140u.dll
 0001:0001f274       ?GetThisMessageMap@CWinApp@@KGPBUAFX_MSGMAP@@XZ 00420274 f   mfc140u:mfc140u.dll
 0001:0001f27a       ?LoadSysPolicies@CWinApp@@UAEHXZ 0042027a f   mfc140u:mfc140u.dll
 0001:0001f280       ?AfxEnableControlContainer@@YAXPAVCOccManager@@@Z 00420280 f   mfc140u:mfc140u.dll
 0001:0001f286       ?AfxGetModuleState@@YGPAVAFX_MODULE_STATE@@XZ 00420286 f   mfc140u:mfc140u.dll
 0001:0001f28c       ?DDX_Control@@YGXPAVCDataExchange@@HAAVCWnd@@@Z 0042028c f   mfc140u:mfc140u.dll
 0001:0001f292       ?PreSubclassWindow@CWnd@@UAEXXZ 00420292 f   mfc140u:mfc140u.dll
 0001:0001f298       ?Create@CWnd@@UAEHPB_W0KABUtagRECT@@PAV1@IPAUCCreateContext@@@Z 00420298 f   mfc140u:mfc140u.dll
 0001:0001f29e       ?CreateEx@CWnd@@UAEHKPB_W0KHHHHPAUHWND__@@PAUHMENU__@@PAX@Z 0042029e f   mfc140u:mfc140u.dll
 0001:0001f2a4       ?CreateEx@CWnd@@UAEHKPB_W0KABUtagRECT@@PAV1@IPAX@Z 004202a4 f   mfc140u:mfc140u.dll
 0001:0001f2aa       ?DestroyWindow@CWnd@@UAEHXZ 004202aa f   mfc140u:mfc140u.dll
 0001:0001f2b0       ?PreCreateWindow@CWnd@@UAEHAAUtagCREATESTRUCTW@@@Z 004202b0 f   mfc140u:mfc140u.dll
 0001:0001f2b6       ?CalcWindowRect@CWnd@@UAEXPAUtagRECT@@I@Z 004202b6 f   mfc140u:mfc140u.dll
 0001:0001f2bc       ?GetDlgItem@CWnd@@QBEPAV1@H@Z 004202bc f   mfc140u:mfc140u.dll
 0001:0001f2c2       ?SetWindowTextW@CWnd@@QAEXPB_W@Z 004202c2 f   mfc140u:mfc140u.dll
 0001:0001f2c8       ?GetMenu@CWnd@@UBEPAVCMenu@@XZ 004202c8 f   mfc140u:mfc140u.dll
 0001:0001f2ce       ?SetMenu@CWnd@@UAEHPAVCMenu@@@Z 004202ce f   mfc140u:mfc140u.dll
 0001:0001f2d4       ?OnToolHitTest@CWnd@@UBEHVCPoint@@PAUtagTOOLINFOW@@@Z 004202d4 f   mfc140u:mfc140u.dll
 0001:0001f2da       ?EnableWindow@CWnd@@QAEHH@Z 004202da f   mfc140u:mfc140u.dll
 0001:0001f2e0       ?GetScrollBarCtrl@CWnd@@UBEPAVCScrollBar@@H@Z 004202e0 f   mfc140u:mfc140u.dll
 0001:0001f2e6       ?WinHelpW@CWnd@@UAEXKI@Z   004202e6 f   mfc140u:mfc140u.dll
 0001:0001f2ec       ?HtmlHelpW@CWnd@@UAEXKI@Z  004202ec f   mfc140u:mfc140u.dll
 0001:0001f2f2       ?WinHelpInternal@CWnd@@UAEXKI@Z 004202f2 f   mfc140u:mfc140u.dll
 0001:0001f2f8       ?ContinueModal@CWnd@@UAEHXZ 004202f8 f   mfc140u:mfc140u.dll
 0001:0001f2fe       ?EndModalLoop@CWnd@@UAEXH@Z 004202fe f   mfc140u:mfc140u.dll
 0001:0001f304       ?OnDrawIconicThumbnailOrLivePreview@CWnd@@UAEXAAVCDC@@VCRect@@VCSize@@HAAH@Z 00420304 f   mfc140u:mfc140u.dll
 0001:0001f30a       ?GetInterfaceMap@CWnd@@MBEPBUAFX_INTERFACEMAP@@XZ 0042030a f   mfc140u:mfc140u.dll
 0001:0001f310       ?EnsureStdObj@CWnd@@UAEJXZ 00420310 f   mfc140u:mfc140u.dll
 0001:0001f316       ?get_accParent@CWnd@@UAEJPAPAUIDispatch@@@Z 00420316 f   mfc140u:mfc140u.dll
 0001:0001f31c       ?get_accChildCount@CWnd@@UAEJPAJ@Z 0042031c f   mfc140u:mfc140u.dll
 0001:0001f322       ?get_accChild@CWnd@@UAEJUtagVARIANT@@PAPAUIDispatch@@@Z 00420322 f   mfc140u:mfc140u.dll
 0001:0001f328       ?get_accName@CWnd@@UAEJUtagVARIANT@@PAPA_W@Z 00420328 f   mfc140u:mfc140u.dll
 0001:0001f32e       ?get_accValue@CWnd@@UAEJUtagVARIANT@@PAPA_W@Z 0042032e f   mfc140u:mfc140u.dll
 0001:0001f334       ?get_accDescription@CWnd@@UAEJUtagVARIANT@@PAPA_W@Z 00420334 f   mfc140u:mfc140u.dll
 0001:0001f33a       ?get_accRole@CWnd@@UAEJUtagVARIANT@@PAU2@@Z 0042033a f   mfc140u:mfc140u.dll
 0001:0001f340       ?get_accState@CWnd@@UAEJUtagVARIANT@@PAU2@@Z 00420340 f   mfc140u:mfc140u.dll
 0001:0001f346       ?get_accHelp@CWnd@@UAEJUtagVARIANT@@PAPA_W@Z 00420346 f   mfc140u:mfc140u.dll
 0001:0001f34c       ?get_accHelpTopic@CWnd@@UAEJPAPA_WUtagVARIANT@@PAJ@Z 0042034c f   mfc140u:mfc140u.dll
 0001:0001f352       ?get_accKeyboardShortcut@CWnd@@UAEJUtagVARIANT@@PAPA_W@Z 00420352 f   mfc140u:mfc140u.dll
 0001:0001f358       ?get_accFocus@CWnd@@UAEJPAUtagVARIANT@@@Z 00420358 f   mfc140u:mfc140u.dll
 0001:0001f35e       ?get_accSelection@CWnd@@UAEJPAUtagVARIANT@@@Z 0042035e f   mfc140u:mfc140u.dll
 0001:0001f364       ?get_accDefaultAction@CWnd@@UAEJUtagVARIANT@@PAPA_W@Z 00420364 f   mfc140u:mfc140u.dll
 0001:0001f36a       ?accSelect@CWnd@@UAEJJUtagVARIANT@@@Z 0042036a f   mfc140u:mfc140u.dll
 0001:0001f370       ?accLocation@CWnd@@UAEJPAJ000UtagVARIANT@@@Z 00420370 f   mfc140u:mfc140u.dll
 0001:0001f376       ?accNavigate@CWnd@@UAEJJUtagVARIANT@@PAU2@@Z 00420376 f   mfc140u:mfc140u.dll
 0001:0001f37c       ?accHitTest@CWnd@@UAEJJJPAUtagVARIANT@@@Z 0042037c f   mfc140u:mfc140u.dll
 0001:0001f382       ?accDoDefaultAction@CWnd@@UAEJUtagVARIANT@@@Z 00420382 f   mfc140u:mfc140u.dll
 0001:0001f388       ?put_accName@CWnd@@UAEJUtagVARIANT@@PA_W@Z 00420388 f   mfc140u:mfc140u.dll
 0001:0001f38e       ?put_accValue@CWnd@@UAEJUtagVARIANT@@PA_W@Z 0042038e f   mfc140u:mfc140u.dll
 0001:0001f394       ?SetProxy@CWnd@@UAEJPAUIAccessibleProxy@@@Z 00420394 f   mfc140u:mfc140u.dll
 0001:0001f39a       ?CreateAccessibleProxy@CWnd@@UAEJIJPAJ@Z 0042039a f   mfc140u:mfc140u.dll
 0001:0001f3a0       ?OnCommand@CWnd@@MAEHIJ@Z  004203a0 f   mfc140u:mfc140u.dll
 0001:0001f3a6       ?OnNotify@CWnd@@MAEHIJPAJ@Z 004203a6 f   mfc140u:mfc140u.dll
 0001:0001f3ac       ?GetSuperWndProcAddr@CWnd@@MAEPAP6GJPAUHWND__@@IIJ@ZXZ 004203ac f   mfc140u:mfc140u.dll
 0001:0001f3b2       ?OnAmbientProperty@CWnd@@UAEHPAVCOleControlSite@@JPAUtagVARIANT@@@Z 004203b2 f   mfc140u:mfc140u.dll
 0001:0001f3b8       ?WindowProc@CWnd@@MAEJIIJ@Z 004203b8 f   mfc140u:mfc140u.dll
 0001:0001f3be       ?OnWndMsg@CWnd@@MAEHIIJPAJ@Z 004203be f   mfc140u:mfc140u.dll
 0001:0001f3c4       ?DefWindowProcW@CWnd@@MAEJIIJ@Z 004203c4 f   mfc140u:mfc140u.dll
 0001:0001f3ca       ?PostNcDestroy@CWnd@@MAEXXZ 004203ca f   mfc140u:mfc140u.dll
 0001:0001f3d0       ?OnChildNotify@CWnd@@MAEHIIJPAJ@Z 004203d0 f   mfc140u:mfc140u.dll
 0001:0001f3d6       ?OnTouchInputs@CWnd@@MAEHIPAUtagTOUCHINPUT@@@Z 004203d6 f   mfc140u:mfc140u.dll
 0001:0001f3dc       ?OnTouchInput@CWnd@@MAEHVCPoint@@HHPAUtagTOUCHINPUT@@@Z 004203dc f   mfc140u:mfc140u.dll
 0001:0001f3e2       ?GetGestureStatus@CWnd@@MAEKVCPoint@@@Z 004203e2 f   mfc140u:mfc140u.dll
 0001:0001f3e8       ?OnGestureZoom@CWnd@@MAEHVCPoint@@J@Z 004203e8 f   mfc140u:mfc140u.dll
 0001:0001f3ee       ?OnGesturePan@CWnd@@MAEHVCPoint@@0@Z 004203ee f   mfc140u:mfc140u.dll
 0001:0001f3f4       ?OnGestureRotate@CWnd@@MAEHVCPoint@@N@Z 004203f4 f   mfc140u:mfc140u.dll
 0001:0001f3fa       ?OnGestureTwoFingerTap@CWnd@@MAEHVCPoint@@@Z 004203fa f   mfc140u:mfc140u.dll
 0001:0001f400       ?OnGesturePressAndTap@CWnd@@MAEHVCPoint@@J@Z 00420400 f   mfc140u:mfc140u.dll
 0001:0001f406       ?ResizeDynamicLayout@CWnd@@MAEXXZ 00420406 f   mfc140u:mfc140u.dll
 0001:0001f40c       ?IsFrameWnd@CWnd@@UBEHXZ   0042040c f   mfc140u:mfc140u.dll
 0001:0001f412       ?OnFinalRelease@CWnd@@UAEXXZ 00420412 f   mfc140u:mfc140u.dll
 0001:0001f418       ?CreateControlContainer@CWnd@@MAEHPAPAVCOleControlContainer@@@Z 00420418 f   mfc140u:mfc140u.dll
 0001:0001f41e       ?CreateControlSite@CWnd@@MAEHPAVCOleControlContainer@@PAPAVCOleControlSite@@IABU_GUID@@@Z 0042041e f   mfc140u:mfc140u.dll
 0001:0001f424       ?GetRuntimeClass@CDialog@@UBEPAUCRuntimeClass@@XZ 00420424 f   mfc140u:mfc140u.dll
 0001:0001f42a       ?Create@CDialog@@UAEHPB_WPAVCWnd@@@Z 0042042a f   mfc140u:mfc140u.dll
 0001:0001f430       ?CreateIndirect@CDialog@@UAEHPBUDLGTEMPLATE@@PAVCWnd@@PAX@Z 00420430 f   mfc140u:mfc140u.dll
 0001:0001f436       ?CreateIndirect@CDialog@@UAEHPAXPAVCWnd@@@Z 00420436 f   mfc140u:mfc140u.dll
 0001:0001f43c       ??0CDialog@@QAE@IPAVCWnd@@@Z 0042043c f   mfc140u:mfc140u.dll
 0001:0001f442       ?OnInitDialog@CDialog@@UAEHXZ 00420442 f   mfc140u:mfc140u.dll
 0001:0001f448       ?OnSetFont@CDialog@@UAEXPAVCFont@@@Z 00420448 f   mfc140u:mfc140u.dll
 0001:0001f44e       ?OnCancel@CDialog@@MAEXXZ  0042044e f   mfc140u:mfc140u.dll
 0001:0001f454       ??1CDialog@@UAE@XZ         00420454 f   mfc140u:mfc140u.dll
 0001:0001f45a       ?PreTranslateMessage@CDialog@@UAEHPAUtagMSG@@@Z 0042045a f   mfc140u:mfc140u.dll
 0001:0001f460       ?OnCmdMsg@CDialog@@UAEHIHPAXPAUAFX_CMDHANDLERINFO@@@Z 00420460 f   mfc140u:mfc140u.dll
 0001:0001f466       ?CheckAutoCenter@CDialog@@UAEHXZ 00420466 f   mfc140u:mfc140u.dll
 0001:0001f46c       ?SetOccDialogInfo@CDialog@@MAEHPAU_AFX_OCC_DIALOG_INFO@@@Z 0042046c f   mfc140u:mfc140u.dll
 0001:0001f472       ?GetOccDialogInfo@CDialog@@MAEPAU_AFX_OCC_DIALOG_INFO@@XZ 00420472 f   mfc140u:mfc140u.dll
 0001:0001f478       ?PreInitDialog@CDialog@@MAEXXZ 00420478 f   mfc140u:mfc140u.dll
 0001:0001f47e       ?GetThisMessageMap@CDialog@@KGPBUAFX_MSGMAP@@XZ 0042047e f   mfc140u:mfc140u.dll
 0001:0001f484       ?AfxMessageBox@@YGHPB_WII@Z 00420484 f   mfc140u:mfc140u.dll
 0001:0001f48a       ??_U@YAPAXI@Z              0042048a f   mfc140u:mfc140u.dll
 0001:0001f490       ??_V@YAXPAX@Z              00420490 f   mfc140u:mfc140u.dll
 0001:0001f496       ?AfxThrowMemoryException@@YGXXZ 00420496 f   mfc140u:mfc140u.dll
 0001:0001f49c       ?AfxThrowInvalidArgException@@YGXXZ 0042049c f   mfc140u:mfc140u.dll
 0001:0001f4a2       ?AfxThrowOleException@@YGXJ@Z 004204a2 f   mfc140u:mfc140u.dll
 0001:0001f4a8       ??0CStdioFile@@QAE@XZ      004204a8 f   mfc140u:mfc140u.dll
 0001:0001f4ae       ?WriteString@CStdioFile@@UAEXPB_W@Z 004204ae f   mfc140u:mfc140u.dll
 0001:0001f4b4       ??1CStdioFile@@UAE@XZ      004204b4 f   mfc140u:mfc140u.dll
 0001:0001f4ba       ?GetLength@CStdioFile@@UBE_KXZ 004204ba f   mfc140u:mfc140u.dll
 0001:0001f4c0       ?Open@CStdioFile@@UAEHPB_WIPAVCFileException@@@Z 004204c0 f   mfc140u:mfc140u.dll
 0001:0001f4c6       ?Flush@CStdioFile@@UAEXXZ  004204c6 f   mfc140u:mfc140u.dll
 0001:0001f4cc       ?Close@CStdioFile@@UAEXXZ  004204cc f   mfc140u:mfc140u.dll
 0001:0001f4d2       ??0CDWordArray@@QAE@XZ     004204d2 f   mfc140u:mfc140u.dll
 0001:0001f4d8       ?SetSize@CDWordArray@@QAEXHH@Z 004204d8 f   mfc140u:mfc140u.dll
 0001:0001f4de       ?SetAtGrow@CDWordArray@@QAEXHK@Z 004204de f   mfc140u:mfc140u.dll
 0001:0001f4e4       ??1CDWordArray@@UAE@XZ     004204e4 f   mfc140u:mfc140u.dll
 0001:0001f4ea       ?AfxLoadLibrary@@YGPAUHINSTANCE__@@PB_W@Z 004204ea f   mfc140u:mfc140u.dll
 0001:0001f4f0       ?AfxFreeLibrary@@YGHPAUHINSTANCE__@@@Z 004204f0 f   mfc140u:mfc140u.dll
 0001:0001f4f6       ??2@YAPAXI@Z               004204f6 f   mfc140u:mfc140u.dll
 0001:0001f4fc       ?AfxThrowArchiveException@@YGXHPB_W@Z 004204fc f   mfc140u:mfc140u.dll
 0001:0001f502       ?GetRuntimeClass@CObject@@UBEPAUCRuntimeClass@@XZ 00420502 f   mfc140u:mfc140u.dll
 0001:0001f508       ?Read@CArchive@@QAEIPAXI@Z 00420508 f   mfc140u:mfc140u.dll
 0001:0001f50e       ?Write@CArchive@@QAEXPBXI@Z 0042050e f   mfc140u:mfc140u.dll
 0001:0001f514       ?ReadCount@CArchive@@QAEKXZ 00420514 f   mfc140u:mfc140u.dll
 0001:0001f51a       ?WriteCount@CArchive@@QAEXK@Z 0042051a f   mfc140u:mfc140u.dll
 0001:0001f520       ?Create@CPlex@@SGPAU1@AAPAU1@II@Z 00420520 f   mfc140u:mfc140u.dll
 0001:0001f526       ?FreeDataChain@CPlex@@QAEXXZ 00420526 f   mfc140u:mfc140u.dll
 0001:0001f52c       ?RemoveAt@CDWordArray@@QAEXHH@Z 0042052c f   mfc140u:mfc140u.dll
 0001:0001f532       ?GetRuntimeClass@CWnd@@UBEPAUCRuntimeClass@@XZ 00420532 f   mfc140u:mfc140u.dll
 0001:0001f538       ??0CWnd@@QAE@XZ            00420538 f   mfc140u:mfc140u.dll
 0001:0001f53e       ?PreTranslateMessage@CWnd@@UAEHPAUtagMSG@@@Z 0042053e f   mfc140u:mfc140u.dll
 0001:0001f544       ??1CWnd@@UAE@XZ            00420544 f   mfc140u:mfc140u.dll
 0001:0001f54a       ?CheckAutoCenter@CWnd@@UAEHXZ 0042054a f   mfc140u:mfc140u.dll
 0001:0001f550       ?SetOccDialogInfo@CWnd@@MAEHPAU_AFX_OCC_DIALOG_INFO@@@Z 00420550 f   mfc140u:mfc140u.dll
 0001:0001f556       ?GetOccDialogInfo@CWnd@@MAEPAU_AFX_OCC_DIALOG_INFO@@XZ 00420556 f   mfc140u:mfc140u.dll
 0001:0001f55c       ?GetThisMessageMap@CWnd@@KGPBUAFX_MSGMAP@@XZ 0042055c f   mfc140u:mfc140u.dll
 0001:0001f562       ?AfxGetThread@@YGPAVCWinThread@@XZ 00420562 f   mfc140u:mfc140u.dll
 0001:0001f568       ??0CSyncObject@@QAE@PB_W@Z 00420568 f   mfc140u:mfc140u.dll
 0001:0001f56e       ??1CSyncObject@@UAE@XZ     0042056e f   mfc140u:mfc140u.dll
 0001:0001f574       ?GetRuntimeClass@CCriticalSection@@UBEPAUCRuntimeClass@@XZ 00420574 f   mfc140u:mfc140u.dll
 0001:0001f57a       ?Init@CComCriticalSection@ATL@@QAEJXZ 0042057a f i mfcs140u:nolib.obj
 0001:0001f7c8       _wWinMainCRTStartup        004207c8 f   msvcrt:exe_wwinmain.obj
 0001:0001f816       ___scrt_acquire_startup_lock 00420816 f   msvcrt:utility.obj
 0001:0001f84b       ___scrt_initialize_crt     0042084b f   msvcrt:utility.obj
 0001:0001f884       ___scrt_initialize_onexit_tables 00420884 f   msvcrt:utility.obj
 0001:0001f91b       ___scrt_is_nonwritable_in_current_image 0042091b f   msvcrt:utility.obj
 0001:0001f9a5       ___scrt_release_startup_lock 004209a5 f   msvcrt:utility.obj
 0001:0001f9c2       ___scrt_uninitialize_crt   004209c2 f   msvcrt:utility.obj
 0001:0001f9ea       __onexit                   004209ea f   msvcrt:utility.obj
 0001:0001fa25       _atexit                    00420a25 f   msvcrt:utility.obj
 0001:0001fa3a       @__security_check_cookie@4 00420a3a f   msvcrt:_secchk_.obj
 0001:0001fa50       __alloca_probe             00420a50 f   msvcrt:chkstk.obj
 0001:0001fa50       __chkstk                   00420a50 f   msvcrt:chkstk.obj
 0001:0001fa7d       ??_Etype_info@@UAEPAXI@Z   00420a7d f i msvcrt:std_type_info_static.obj
 0001:0001fa7d       ??_Gtype_info@@UAEPAXI@Z   00420a7d f i msvcrt:std_type_info_static.obj
 0001:0001faa0       ??3@YAXPAXI@Z              00420aa0 f   msvcrt:delete_scalar_size.obj
 0001:0001fb6e       ??$__crt_fast_encode_pointer@P6GXPAU_RTL_CONDITION_VARIABLE@@@Z@@YAP6GXPAU_RTL_CONDITION_VARIABLE@@@ZQ6GX0@Z@Z 00420b6e f i msvcrt:thread_safe_statics.obj
 0001:0001fb6e       ??$__crt_fast_encode_pointer@P6GHPAU_RTL_CONDITION_VARIABLE@@PAU_RTL_CRITICAL_SECTION@@K@Z@@YAP6GHPAU_RTL_CONDITION_VARIABLE@@PAU_RTL_CRITICAL_SECTION@@K@ZQ6GH01K@Z@Z 00420b6e f i msvcrt:thread_safe_statics.obj
 0001:0001fba7       __Init_thread_footer       00420ba7 f   msvcrt:thread_safe_statics.obj
 0001:0001fbe6       __Init_thread_header       00420be6 f   msvcrt:thread_safe_statics.obj
 0001:0001fc2c       __Init_thread_lock         00420c2c f   msvcrt:thread_safe_statics.obj
 0001:0001fc38       __Init_thread_notify       00420c38 f   msvcrt:thread_safe_statics.obj
 0001:0001fc79       __Init_thread_unlock       00420c79 f   msvcrt:thread_safe_statics.obj
 0001:0001fc85       __Init_thread_wait         00420c85 f   msvcrt:thread_safe_statics.obj
 0001:0001fcf0       __ftoui3                   00420cf0 f   msvcrt:_ftol3_.obj
 0001:0001fcff       __ftoul3                   00420cff f   msvcrt:_ftol3_.obj
 0001:0001fd0e       __ftol3                    00420d0e f   msvcrt:_ftol3_.obj
 0001:0001fd1b       __ftol3_NaN                00420d1b f   msvcrt:_ftol3_.obj
 0001:0001fd33       __ftol3_work               00420d33 f   msvcrt:_ftol3_.obj
 0001:0001fdb9       __ftol3_common             00420db9 f   msvcrt:_ftol3_.obj
 0001:0001fe7b       __ftol3_arg_error          00420e7b f   msvcrt:_ftol3_.obj
 0001:0001fe8d       __ftol3_except             00420e8d f   msvcrt:_ftol3_.obj
 0001:0001fed1       __dtoui3                   00420ed1 f   msvcrt:_ftol3_.obj
 0001:0001fee0       __dtoul3                   00420ee0 f   msvcrt:_ftol3_.obj
 0001:0001feef       __dtol3                    00420eef f   msvcrt:_ftol3_.obj
 0001:0001fefc       __dtol3_NaN                00420efc f   msvcrt:_ftol3_.obj
 0001:0001ff19       __dtol3_work               00420f19 f   msvcrt:_ftol3_.obj
 0001:00020000       __ultod3                   00421000 f   msvcrt:_ftol3_.obj
 0001:00020040       __ltod3                    00421040 f   msvcrt:_ftol3_.obj
 0001:00020070       __ftol2_sse                00421070 f   msvcrt:_ftol2_.obj
 0001:00020079       __ftol2_pentium4           00421079 f   msvcrt:_ftol2_.obj
 0001:0002008c       __ftol2_sse_excpt          0042108c f   msvcrt:_ftol2_.obj
 0001:000200b0       __ftol2                    004210b0 f   msvcrt:_ftol2_.obj
 0001:00020130       __allmul                   00421130 f   msvcrt:llmul.obj
 0001:00020164       ??_L@YGXPAXIIP6EX0@Z1@Z    00421164 f   msvcrt:ehvecctr.obj
 0001:000201cd       ??_M@YGXPAXIIP6EX0@Z@Z     004211cd f   msvcrt:ehvecdtr.obj
 0001:00020247       ?__ArrayUnwind@@YGXPAXIIP6EX0@Z@Z 00421247 f   msvcrt:ehvecdtr.obj
 0001:000202b4       @_guard_check_icall@4      004212b4 f i msvcrt:checkcfg.obj
 0001:000202c0       __SEH_prolog4              004212c0 f   msvcrt:_sehprolg4_.obj
 0001:00020306       __SEH_epilog4              00421306 f   msvcrt:_sehprolg4_.obj
 0001:00020320       __SEH_prolog4_GS           00421320 f   msvcrt:_sehprolg4gs_.obj
 0001:00020369       __SEH_epilog4_GS           00421369 f   msvcrt:_sehprolg4gs_.obj
 0001:0002037a       __except_handler4          0042137a f   msvcrt:_chandler4gs_.obj
 0001:0002039d       ___security_init_cookie    0042139d f   msvcrt:gs_support.obj
 0001:00020439       __get_startup_argv_mode    00421439 f   msvcrt:argv_mode.obj
 0001:00020440       __matherr                  00421440 f   msvcrt:matherr.obj
 0001:00020440       ?GetApplicationRestartFlags@CWinApp@@UAEKXZ 00421440 f   AccessServer.obj
 0001:00020440       ?GetApplicationRecoveryParameter@CWinApp@@UAEPAXXZ 00421440 f   AccessServer.obj
 0001:00020440       __get_startup_new_mode     00421440 f   msvcrt:new_mode.obj
 0001:00020440       ___scrt_initialize_winrt   00421440 f   msvcrt:utility_desktop.obj
 0001:00020440       __get_startup_thread_locale_mode 00421440 f   msvcrt:thread_locale.obj
 0001:00020440       __get_startup_commit_mode  00421440 f   msvcrt:commit_mode.obj
 0001:00020443       __get_startup_file_mode    00421443 f   msvcrt:file_mode.obj
 0001:00020449       ?__scrt_initialize_type_info@@YAXXZ 00421449 f   msvcrt:tncleanup.obj
 0001:00020455       __initialize_default_precision 00421455 f   msvcrt:default_precision.obj
 0001:00020476       ___local_stdio_scanf_options 00421476 f i msvcrt:default_local_stdio_options.obj
 0001:0002047c       ___scrt_initialize_default_local_stdio_options 0042147c f   msvcrt:default_local_stdio_options.obj
 0001:00020499       ___scrt_is_user_matherr_present 00421499 f   msvcrt:matherr_detection.obj
 0001:000204a5       ___scrt_get_dyn_tls_init_callback 004214a5 f   msvcrt:dyn_tls_init.obj
 0001:000204ab       ___scrt_get_dyn_tls_dtor_callback 004214ab f   msvcrt:dyn_tls_dtor.obj
 0001:000204b1       ___scrt_fastfail           004214b1 f   msvcrt:utility_desktop.obj
 0001:000205cc       ___scrt_get_show_window_mode 004215cc f   msvcrt:utility_desktop.obj
 0001:000205ff       ___scrt_is_managed_app     004215ff f   msvcrt:utility_desktop.obj
 0001:00020643       ___scrt_set_unhandled_exception_filter 00421643 f   msvcrt:utility_desktop.obj
 0001:0002064f       ___scrt_unhandled_exception_filter@4 0042164f f   msvcrt:utility_desktop.obj
 0001:00020690       __RTC_Initialize           00421690 f   msvcrt:_initsect_.obj
 0001:000206bb       __RTC_Terminate            004216bb f   msvcrt:_initsect_.obj
 0001:000206e6       ___isa_available_init      004216e6 f   msvcrt:_cpu_disp_.obj
 0001:00020880       ___scrt_is_ucrt_dll_in_use 00421880 f   msvcrt:ucrt_detection.obj
 0001:0002088c       ___raise_securityfailure   0042188c f   msvcrt:gs_report.obj
 0001:000208b4       ___report_gsfailure        004218b4 f   msvcrt:gs_report.obj
 0001:000209b0       _IsProcessorFeaturePresent@4 004219b0 f   kernel32:KERNEL32.dll
 0001:000209b6       ??0CAtlBaseModule@ATL@@QAE@XZ 004219b6 f   atls:atlbase.obj
 0001:00020a09       ??0_ATL_BASE_MODULE70@ATL@@QAE@XZ 00421a09 f i atls:atlbase.obj
[...]
 0002:000087b4       __unwindtable$??1CGroupInfoManager@@UAE@XZ 0042c7b4     GroupInfoManager.obj
 0002:000087ec       __catchsym$?ActiveGroupItem@CGroupInfoManager@@UAE_NAAUtagIMGroupItem@@@Z$3 0042c7ec     GroupInfoManager.obj
 0002:000087fc       __unwindtable$?ActiveGroupItem@CGroupInfoManager@@UAE_NAAUtagIMGroupItem@@@Z 0042c7fc     GroupInfoManager.obj
 0002:0000880c       __tryblocktable$?ActiveGroupItem@CGroupInfoManager@@UAE_NAAUtagIMGroupItem@@@Z 0042c80c     GroupInfoManager.obj
 0002:00008820       __ehfuncinfo$?ActiveGroupItem@CGroupInfoManager@@UAE_NAAUtagIMGroupItem@@@Z 0042c820     GroupInfoManager.obj
 0002:00008898       __unwindtable$?LoadInitParameter@CInitParameter@@QAEXXZ 0042c898     InitParameter.obj
 0002:000088a0       __ehfuncinfo$?LoadInitParameter@CInitParameter@@QAEXXZ 0042c8a0     InitParameter.obj
 0002:000088c4       __unwindtable$??0CServerListManager@NServerListManager@@QAE@XZ 0042c8c4     ServerListManager.obj
 0002:000088d4       __ehfuncinfo$??0CServerListManager@NServerListManager@@QAE@XZ 0042c8d4     ServerListManager.obj
 0002:000088f8       __ehfuncinfo$??1CServerListManager@NServerListManager@@UAE@XZ 0042c8f8     ServerListManager.obj
 0002:0000891c       __unwindtable$??1CServerListManager@NServerListManager@@UAE@XZ 0042c91c     ServerListManager.obj
 0002:00008954       __catchsym$?InsertGameServer@CServerListManager@NServerListManager@@QAE_NPAUtagGameServer@@@Z$3 0042c954     ServerListManager.obj
 0002:00008964       __unwindtable$?InsertGameServer@CServerListManager@NServerListManager@@QAE_NPAUtagGameServer@@@Z 0042c964     ServerListManager.obj
 0002:00008974       __tryblocktable$?InsertGameServer@CServerListManager@NServerListManager@@QAE_NPAUtagGameServer@@@Z 0042c974     ServerListManager.obj
 0002:00008988       __ehfuncinfo$?InsertGameServer@CServerListManager@NServerListManager@@QAE_NPAUtagGameServer@@@Z 0042c988     ServerListManager.obj
 0002:000089ac       __unwindtable$??0CLocalUserItem@@IAE@XZ 0042c9ac     ServerUserManager.obj
 0002:000089bc       __ehfuncinfo$??0CLocalUserItem@@IAE@XZ 0042c9bc     ServerUserManager.obj
 0002:000089e0       __ehfuncinfo$??1?$CMap@KKPAVCGroupItem@@PAV1@@@UAE@XZ 0042c9e0     GroupInfoManager.obj
 0002:000089e0       __ehfuncinfo$??1?$CMap@GGPAVCGameServerItem@NServerListManager@@AAPAV12@@@UAE@XZ 0042c9e0     ServerListManager.obj
 0002:000089e0       __ehfuncinfo$??1?$CMap@KKPAVCServerUserItem@@PAV1@@@UAE@XZ 0042c9e0     ServerUserManager.obj
 0002:000089e0       __ehfuncinfo$??1?$CMap@DDPAVCWordNode@@PAV1@@@UAE@XZ 0042c9e0     WordFilter.obj
 0002:00008a04       __unwindtable$??0CServerUserManager@@QAE@XZ 0042ca04     ServerUserManager.obj
 0002:00008a1c       __ehfuncinfo$??0CServerUserManager@@QAE@XZ 0042ca1c     ServerUserManager.obj
 0002:00008a40       __ehfuncinfo$??1CServerUserManager@@UAE@XZ 0042ca40     ServerUserManager.obj
 0002:00008a64       __unwindtable$??1CServerUserManager@@UAE@XZ 0042ca64     ServerUserManager.obj
 0002:00008aa4       __catchsym$?InsertRemoteUserItem@CServerUserManager@@UAEPAVCRemoteUserItem@@AAUtagIMUserInfo@@@Z$3 0042caa4     ServerUserManager.obj
 0002:00008ab4       __unwindtable$?InsertRemoteUserItem@CServerUserManager@@UAEPAVCRemoteUserItem@@AAUtagIMUserInfo@@@Z 0042cab4     ServerUserManager.obj
 0002:00008ac4       __tryblocktable$?InsertRemoteUserItem@CServerUserManager@@UAEPAVCRemoteUserItem@@AAUtagIMUserInfo@@@Z 0042cac4     ServerUserManager.obj
 0002:00008ad8       __ehfuncinfo$?InsertRemoteUserItem@CServerUserManager@@UAEPAVCRemoteUserItem@@AAUtagIMUserInfo@@@Z 0042cad8     ServerUserManager.obj
 0002:00008afc       __catchsym$?InsertLocalUserItem@CServerUserManager@@UAEPAVCLocalUserItem@@AAUtagIMUserInfo@@PB_W@Z$3 0042cafc     ServerUserManager.obj
 0002:00008b0c       __tryblocktable$?InsertLocalUserItem@CServerUserManager@@UAEPAVCLocalUserItem@@AAUtagIMUserInfo@@PB_W@Z 0042cb0c     ServerUserManager.obj
 0002:00008b20       __unwindtable$?InsertLocalUserItem@CServerUserManager@@UAEPAVCLocalUserItem@@AAUtagIMUserInfo@@PB_W@Z 0042cb20     ServerUserManager.obj
 0002:00008b38       __ehfuncinfo$?InsertLocalUserItem@CServerUserManager@@UAEPAVCLocalUserItem@@AAUtagIMUserInfo@@PB_W@Z 0042cb38     ServerUserManager.obj
 0002:00008b5c       __unwindtable$??_G?$CTempldateHelper@UIDataBase@@@@UAEPAXI@Z 0042cb5c     DataBaseEngineSink.obj
 0002:00008b5c       __unwindtable$??_G?$CMap@DDPAVCWordNode@@PAV1@@@UAEPAXI@Z 0042cb5c     WordFilter.obj
 0002:00008b5c       __unwindtable$??_G?$CMap@KKPAVCServerUserItem@@PAV1@@@UAEPAXI@Z 0042cb5c     ServerUserManager.obj
 0002:00008b5c       __unwindtable$??_GCTimerEngineHelper@@UAEPAXI@Z 0042cb5c     ServiceUnits.obj
 0002:00008b5c       __unwindtable$??_GCAttemperEngineHelper@@UAEPAXI@Z 0042cb5c     ServiceUnits.obj
 0002:00008b5c       __unwindtable$??1CDataBaseEngineSink@@UAE@XZ 0042cb5c     DataBaseEngineSink.obj
 0002:00008b5c       __unwindtable$??_G?$CTempldateHelper@UITCPSocketService@@@@UAEPAXI@Z 0042cb5c     ServiceUnits.obj
 0002:00008b5c       __unwindtable$??_G?$CMap@GGPAVCGameServerItem@NServerListManager@@AAPAV12@@@UAEPAXI@Z 0042cb5c     ServerListManager.obj
 0002:00008b5c       __unwindtable$??_GCTCPSocketServiceHelper@@UAEPAXI@Z 0042cb5c     ServiceUnits.obj
 0002:00008b5c       __unwindtable$??_G?$CTempldateHelper@UITCPNetworkEngine@@@@UAEPAXI@Z 0042cb5c     ServiceUnits.obj
 0002:00008b5c       __unwindtable$??_G?$CMap@KKUtagClubTableInfo@@AAU1@@@UAEPAXI@Z 0042cb5c     GroupInfoManager.obj
 0002:00008b5c       __unwindtable$??_GCTCPNetworkEngineHelper@@UAEPAXI@Z 0042cb5c     ServiceUnits.obj
 0002:00008b5c       __unwindtable$??1CGroupItem@@MAE@XZ 0042cb5c     GroupInfoManager.obj
 0002:00008b5c       __unwindtable$??_G?$CTempldateHelper@UITimerEngine@@@@UAEPAXI@Z 0042cb5c     ServiceUnits.obj
 0002:00008b5c       __unwindtable$??_G?$CTempldateHelper@UIAttemperEngine@@@@UAEPAXI@Z 0042cb5c     ServiceUnits.obj
 0002:00008b5c       __unwindtable$??_G?$CTempldateHelper@UIDataBaseEngine@@@@UAEPAXI@Z 0042cb5c     ServiceUnits.obj
 0002:00008b5c       __unwindtable$??_G?$CMap@KKPAVCGroupItem@@PAV1@@@UAEPAXI@Z 0042cb5c     GroupInfoManager.obj
 0002:00008b5c       __unwindtable$??_GCDataBaseEngineHelper@@UAEPAXI@Z 0042cb5c     ServiceUnits.obj
 0002:00008b5c       __unwindtable$??_GCDataBaseHelper@@UAEPAXI@Z 0042cb5c     DataBaseEngineSink.obj
 0002:00008b5c       __unwindtable$??_G?$CMap@KKPAV?$CWHArray@KABK@@PAV1@@@UAEPAXI@Z 0042cb5c     ServiceUnits.obj
 0002:00008b64       __ehfuncinfo$??_G?$CMap@GGPAVCGameServerItem@NServerListManager@@AAPAV12@@@UAEPAXI@Z 0042cb64     ServerListManager.obj
 0002:00008b64       __ehfuncinfo$??1CDataBaseEngineSink@@UAE@XZ 0042cb64     DataBaseEngineSink.obj
 0002:00008b64       __ehfuncinfo$??_G?$CTempldateHelper@UITCPSocketService@@@@UAEPAXI@Z 0042cb64     ServiceUnits.obj
 0002:00008b64       __ehfuncinfo$??_G?$CMap@KKPAVCServerUserItem@@PAV1@@@UAEPAXI@Z 0042cb64     ServerUserManager.obj
 0002:00008b64       __ehfuncinfo$??_GCTCPSocketServiceHelper@@UAEPAXI@Z 0042cb64     ServiceUnits.obj
 0002:00008b64       __ehfuncinfo$??_G?$CTempldateHelper@UITimerEngine@@@@UAEPAXI@Z 0042cb64     ServiceUnits.obj
 0002:00008b64       __ehfuncinfo$??_GCTCPNetworkEngineHelper@@UAEPAXI@Z 0042cb64     ServiceUnits.obj
 0002:00008b64       __ehfuncinfo$??_GCDataBaseHelper@@UAEPAXI@Z 0042cb64     DataBaseEngineSink.obj
 0002:00008b64       __ehfuncinfo$??_GCTimerEngineHelper@@UAEPAXI@Z 0042cb64     ServiceUnits.obj
 0002:00008b64       __ehfuncinfo$??_G?$CTempldateHelper@UIDataBase@@@@UAEPAXI@Z 0042cb64     DataBaseEngineSink.obj
 0002:00008b64       __ehfuncinfo$??_GCAttemperEngineHelper@@UAEPAXI@Z 0042cb64     ServiceUnits.obj
 0002:00008b64       __ehfuncinfo$??_G?$CTempldateHelper@UITCPNetworkEngine@@@@UAEPAXI@Z 0042cb64     ServiceUnits.obj
 0002:00008b64       __ehfuncinfo$??_G?$CMap@KKUtagClubTableInfo@@AAU1@@@UAEPAXI@Z 0042cb64     GroupInfoManager.obj
 0002:00008b64       __ehfuncinfo$??1CGroupItem@@MAE@XZ 0042cb64     GroupInfoManager.obj
 0002:00008b64       __ehfuncinfo$??_G?$CTempldateHelper@UIDataBaseEngine@@@@UAEPAXI@Z 0042cb64     ServiceUnits.obj
 0002:00008b64       __ehfuncinfo$??_G?$CMap@KKPAVCGroupItem@@PAV1@@@UAEPAXI@Z 0042cb64     GroupInfoManager.obj
 0002:00008b64       __ehfuncinfo$??_GCDataBaseEngineHelper@@UAEPAXI@Z 0042cb64     ServiceUnits.obj
 0002:00008b64       __ehfuncinfo$??_G?$CTempldateHelper@UIAttemperEngine@@@@UAEPAXI@Z 0042cb64     ServiceUnits.obj
 0002:00008b64       __ehfuncinfo$??_G?$CMap@DDPAVCWordNode@@PAV1@@@UAEPAXI@Z 0042cb64     WordFilter.obj
 0002:00008b64       __ehfuncinfo$??_G?$CMap@KKPAV?$CWHArray@KABK@@PAV1@@@UAEPAXI@Z 0042cb64     ServiceUnits.obj
 0002:00008b88       __unwindtable$?CreateInstance@?$CTempldateHelper@UITimerEngine@@@@QAE_NXZ 0042cb88     ServiceUnits.obj
 0002:00008b88       __unwindtable$?CreateInstance@?$CTempldateHelper@UIDataBase@@@@QAE_NXZ 0042cb88     DataBaseEngineSink.obj
 0002:00008b88       __unwindtable$?CreateInstance@?$CTempldateHelper@UITCPNetworkEngine@@@@QAE_NXZ 0042cb88     ServiceUnits.obj
 0002:00008b88       __unwindtable$?CreateInstance@?$CTempldateHelper@UIDataBaseEngine@@@@QAE_NXZ 0042cb88     ServiceUnits.obj
 0002:00008b88       __unwindtable$?CreateInstance@?$CTempldateHelper@UITCPSocketService@@@@QAE_NXZ 0042cb88     ServiceUnits.obj
 0002:00008b88       __unwindtable$?CreateInstance@?$CTempldateHelper@UIAttemperEngine@@@@QAE_NXZ 0042cb88     ServiceUnits.obj
 0002:00008b98       __tryblocktable$?CreateInstance@?$CTempldateHelper@UIDataBaseEngine@@@@QAE_NXZ 0042cb98     ServiceUnits.obj
 0002:00008b98       __tryblocktable$?CreateInstance@?$CTempldateHelper@UIDataBase@@@@QAE_NXZ 0042cb98     DataBaseEngineSink.obj
 0002:00008b98       __tryblocktable$?CreateInstance@?$CTempldateHelper@UITCPNetworkEngine@@@@QAE_NXZ 0042cb98     ServiceUnits.obj
 0002:00008b98       __tryblocktable$?CreateInstance@?$CTempldateHelper@UITCPSocketService@@@@QAE_NXZ 0042cb98     ServiceUnits.obj
 0002:00008b98       __tryblocktable$?CreateInstance@?$CTempldateHelper@UIAttemperEngine@@@@QAE_NXZ 0042cb98     ServiceUnits.obj
 0002:00008b98       __tryblocktable$?CreateInstance@?$CTempldateHelper@UITimerEngine@@@@QAE_NXZ 0042cb98     ServiceUnits.obj
 0002:00008bac       __catchsym$?CreateInstance@?$CTempldateHelper@UITimerEngine@@@@QAE_NXZ$3 0042cbac     ServiceUnits.obj
 0002:00008bac       __catchsym$?CreateInstance@?$CTempldateHelper@UITCPSocketService@@@@QAE_NXZ$3 0042cbac     ServiceUnits.obj
 0002:00008bac       __catchsym$?CreateInstance@?$CTempldateHelper@UIAttemperEngine@@@@QAE_NXZ$3 0042cbac     ServiceUnits.obj
 0002:00008bac       __catchsym$?CreateInstance@?$CTempldateHelper@UIDataBase@@@@QAE_NXZ$3 0042cbac     DataBaseEngineSink.obj
 0002:00008bac       __catchsym$?CreateInstance@?$CTempldateHelper@UIDataBaseEngine@@@@QAE_NXZ$3 0042cbac     ServiceUnits.obj
 0002:00008bac       __catchsym$?CreateInstance@?$CTempldateHelper@UITCPNetworkEngine@@@@QAE_NXZ$3 0042cbac     ServiceUnits.obj
 0002:00008bcc       __ehfuncinfo$?CreateInstance@?$CTempldateHelper@UITCPNetworkEngine@@@@QAE_NXZ 0042cbcc     ServiceUnits.obj
 0002:00008bcc       __ehfuncinfo$?CreateInstance@?$CTempldateHelper@UIAttemperEngine@@@@QAE_NXZ 0042cbcc     ServiceUnits.obj
 0002:00008bcc       __ehfuncinfo$?CreateInstance@?$CTempldateHelper@UIDataBase@@@@QAE_NXZ 0042cbcc     DataBaseEngineSink.obj
 0002:00008bcc       __ehfuncinfo$?CreateInstance@?$CTempldateHelper@UIDataBaseEngine@@@@QAE_NXZ 0042cbcc     ServiceUnits.obj
 0002:00008bcc       __ehfuncinfo$?CreateInstance@?$CTempldateHelper@UITimerEngine@@@@QAE_NXZ 0042cbcc     ServiceUnits.obj
 0002:00008bcc       __ehfuncinfo$?CreateInstance@?$CTempldateHelper@UITCPSocketService@@@@QAE_NXZ 0042cbcc     ServiceUnits.obj
 0002:00008bf0       __ehfuncinfo$??0CServiceUnits@@QAE@XZ 0042cbf0     ServiceUnits.obj
 0002:00008c14       __unwindtable$??0CServiceUnits@@QAE@XZ 0042cc14     ServiceUnits.obj
 0002:00008c44       __ehfuncinfo$??1CServiceUnits@@UAE@XZ 0042cc44     ServiceUnits.obj
 0002:00008c68       __unwindtable$??1CServiceUnits@@UAE@XZ 0042cc68     ServiceUnits.obj
 0002:00008cb0       __unwindtable$?PostControlRequest@CServiceUnits@@UAA_NGPAXG@Z 0042ccb0     ServiceUnits.obj
 0002:00008cb8       __ehfuncinfo$?PostControlRequest@CServiceUnits@@UAA_NGPAXG@Z 0042ccb8     ServiceUnits.obj
 0002:00008cdc       __unwindtable$?OnUIControlRequest@CServiceUnits@@IAEJIJ@Z 0042ccdc     ServiceUnits.obj
 0002:00008ce4       __ehfuncinfo$?OnUIControlRequest@CServiceUnits@@IAEJIJ@Z 0042cce4     ServiceUnits.obj
 0002:00008d08       __ehfuncinfo$??1CWordNode@@UAE@XZ 0042cd08     WordFilter.obj
 0002:00008d2c       __unwindtable$??1CWordNode@@UAE@XZ 0042cd2c     WordFilter.obj
 0002:00008d54       __catchsym$?InsertChild@CWordNode@@QAEPAV1@D@Z$3 0042cd54     WordFilter.obj
 0002:00008d64       __unwindtable$?InsertChild@CWordNode@@QAEPAV1@D@Z 0042cd64     WordFilter.obj
 0002:00008d74       __tryblocktable$?InsertChild@CWordNode@@QAEPAV1@D@Z 0042cd74     WordFilter.obj
 0002:00008d88       __ehfuncinfo$?InsertChild@CWordNode@@QAEPAV1@D@Z 0042cd88     WordFilter.obj
 0002:00008dac       __catchsym$?RebuildTree@CWordTree@@IAEXXZ$5 0042cdac     WordFilter.obj
 0002:00008dbc       __tryblocktable$?RebuildTree@CWordTree@@IAEXXZ 0042cdbc     WordFilter.obj
 0002:00008dd0       __unwindtable$?RebuildTree@CWordTree@@IAEXXZ 0042cdd0     WordFilter.obj
 0002:00008df0       __ehfuncinfo$?RebuildTree@CWordTree@@IAEXXZ 0042cdf0     WordFilter.obj
 0002:00008e14       __unwindtable$??0CWordFilter@@QAE@XZ 0042ce14     WordFilter.obj
 0002:00008e1c       __ehfuncinfo$??0CWordFilter@@QAE@XZ 0042ce1c     WordFilter.obj
 0002:00008e40       __unwindtable$?InsertKeyword@CWordFilter@@QAE_NPB_W@Z 0042ce40     WordFilter.obj
 0002:00008e48       __ehfuncinfo$?InsertKeyword@CWordFilter@@QAE_NPB_W@Z 0042ce48     WordFilter.obj
 0002:00008e6c       __unwindtable$?FilterWords@CWordFilter@@QAE_NPB_W@Z 0042ce6c     WordFilter.obj
 0002:00008e74       __ehfuncinfo$?FilterWords@CWordFilter@@QAE_NPB_W@Z 0042ce74     WordFilter.obj
 0002:00008e98       __sehtable$?__scrt_common_main_seh@@YAHXZ 0042ce98     msvcrt:exe_wwinmain.obj
 0002:00008eb8       __sehtable$___scrt_is_nonwritable_in_current_image 0042ceb8     msvcrt:utility.obj
 0002:00008ed8       __sehtable$??_L@YGXPAXIIP6EX0@Z1@Z 0042ced8     msvcrt:ehvecctr.obj
 0002:00008ef8       __sehtable$??_M@YGXPAXIIP6EX0@Z@Z 0042cef8     msvcrt:ehvecdtr.obj
 0002:00008f18       __sehtable$?__ArrayUnwind@@YGXPAXIIP6EX0@Z@Z 0042cf18     msvcrt:ehvecdtr.obj
 0002:00009650       .idata$6                   0042d650     mfc140u:mfc140u.dll
 0002:00009950       .idata$6                   0042d950     kernel32:KERNEL32.dll
 0002:000099b2       .idata$6                   0042d9b2     user32:USER32.dll
 0002:000099be       .idata$6                   0042d9be     comctl32:COMCTL32.dll
 0002:000099cc       .idata$6                   0042d9cc     oleaut32:OLEAUT32.dll
 0002:00009ba0       .idata$6                   0042dba0     ServiceCore:ServiceCore.dll
 0002:0000a0ca       .idata$6                   0042e0ca     KernelEngine:KernelEngine.dll
 0002:0000a0f0       .idata$6                   0042e0f0     DbgHelp:dbghelp.dll
 0002:0000a1ae       .idata$6                   0042e1ae     vcruntime:VCRUNTIME140.dll
 0002:0000a49c       .idata$6                   0042e49c     ucrt:api-ms-win-crt-stdio-l1-1-0.dll
 0002:0000a4bc       .idata$6                   0042e4bc     ucrt:api-ms-win-crt-runtime-l1-1-0.dll
 0002:0000a4de       .idata$6                   0042e4de     ucrt:api-ms-win-crt-string-l1-1-0.dll
 0002:0000a500       .idata$6                   0042e500     ucrt:api-ms-win-crt-convert-l1-1-0.dll
 0002:0000a522       .idata$6                   0042e522     ucrt:api-ms-win-crt-heap-l1-1-0.dll
 0002:0000a542       .idata$6                   0042e542     ucrt:api-ms-win-crt-utility-l1-1-0.dll
 0002:0000a564       .idata$6                   0042e564     ucrt:api-ms-win-crt-time-l1-1-0.dll
 0002:0000a584       .idata$6                   0042e584     ucrt:api-ms-win-crt-locale-l1-1-0.dll
 0002:0000a5a6       .idata$6                   0042e5a6     ucrt:api-ms-win-crt-math-l1-1-0.dll
 0003:00000b80       ?strFile@?1??SendLogData@CAttemperEngineSink@@IAAXPB_WZZ@4V?$CStringT@_WV?$StrTraitMFC_DLL@_WV?$ChTraitsCRT@_W@ATL@@@@@ATL@@A 0042fb80     AttemperEngineSink.obj
 0003:00000b84       ?$TSS0@?1??SendLogData@CAttemperEngineSink@@IAAXPB_WZZ@4HA 0042fb84     AttemperEngineSink.obj
 0003:00000b98       ?g_sResult@@3PADA          0042fb98     Stdafx.obj
 0003:000013a0       ?g_wsResult@@3PA_WA        004303a0     Stdafx.obj
 0003:00001bb4       ?module_local_atexit_table@@3U_onexit_table_t@@A 00430bb4     msvcrt:utility.obj
 0003:00001bc0       ?module_local_at_quick_exit_table@@3U_onexit_table_t@@A 00430bc0     msvcrt:utility.obj
 0003:00001bcc       ?is_initialized_as_dll@@3_NA 00430bcc     msvcrt:utility.obj
 0003:00001bd0       ?_Tss_mutex@@3U_RTL_CRITICAL_SECTION@@A 00430bd0     msvcrt:thread_safe_statics.obj
 0003:00001be8       ?_Tss_cv@@3U_RTL_CONDITION_VARIABLE@@A 00430be8     msvcrt:thread_safe_statics.obj
 0003:00001bec       ?_Tss_event@@3PAXA         00430bec     msvcrt:thread_safe_statics.obj
 0003:00001bf0       ?encoded_sleep_condition_variable_cs@@3P6GHPAU_RTL_CONDITION_VARIABLE@@PAU_RTL_CRITICAL_SECTION@@K@ZA 00430bf0     msvcrt:thread_safe_statics.obj
 0003:00001bf4       ?encoded_wake_all_condition_variable@@3P6GXPAU_RTL_CONDITION_VARIABLE@@@ZA 00430bf4     msvcrt:thread_safe_statics.obj
 0003:00001c20       _GS_ExceptionRecord        00430c20     msvcrt:gs_report.obj
 0003:00001c70       _GS_ContextRecord          00430c70     msvcrt:gs_report.obj
 0004:00000000       __guard_fids__             00431000     msvcrt:exe_wwinmain.obj
 0004:00000004       __guard_fids__             00431004     msvcrt:exe_wwinmain.obj
 0004:00000008       __guard_fids__             00431008     msvcrt:exe_wwinmain.obj
 0004:0000000c       __guard_fids_?pre_c_initialization@@YAHXZ 0043100c     msvcrt:exe_wwinmain.obj
 0004:00000014       __guard_fids__             00431014     msvcrt:std_type_info_static.obj
 0004:00000018       __guard_fids__             00431018     msvcrt:thread_safe_statics.obj
 0004:0000001c       __guard_fids_?__scrt_initialize_thread_safe_statics@@YAHXZ 0043101c     msvcrt:thread_safe_statics.obj
 0004:00000020       __guard_fids___except_handler4 00431020     msvcrt:_chandler4gs_.obj
 0004:00000024       __guard_fids____scrt_set_unhandled_exception_filter 00431024     msvcrt:utility_desktop.obj
 0004:00000028       __guard_fids__             00431028     msvcrt:guard_support.obj
 0004:0000002c       __guard_fids__             0043102c     mfcs140u:appmodul.obj
 0006:00000390       $R000000                   00433390     AccessServer.res
 0006:000009f8       $R000668                   004339f8     AccessServer.res
 0006:00000ce0       $R000950                   00433ce0     AccessServer.res
 0006:00000e08       $R000A78                   00433e08     AccessServer.res
 0006:00001cb0       $R001920                   00434cb0     AccessServer.res
 0006:00002558       $R0021C8                   00435558     AccessServer.res
 0006:00002ac0       $R002730                   00435ac0     AccessServer.res
 0006:00044ae8       $R044758                   00477ae8     AccessServer.res
 0006:00055310       $R054F80                   00488310     AccessServer.res
 0006:000578b8       $R057528                   0048a8b8     AccessServer.res
 0006:00058960       $R0585D0                   0048b960     AccessServer.res
 0006:00058dc8       $R058A38                   0048bdc8     AccessServer.res
 0006:00058e68       $R058AD8                   0048be68     AccessServer.res
 0006:00058f68       $R058BD8                   0048bf68     AccessServer.res
 0006:00059240       $R058EB0                   0048c240     AccessServer.res
 0006:00059530       $R0591A0                   0048c530     AccessServer.res
